Archive member included to satisfy reference by file (symbol)

/opt/gcc-arm/bin/../lib/gcc/arm-none-eabi/9.2.1/../../../../arm-none-eabi/lib/thumb/v7-m/nofp/libc.a(lib_a-memcpy.o)
                              rtos/queue.o (memcpy)
/home/kevin_moncayo/stm32f103c8t6//rtos/libwwg/libwwg.a(usbcdc.o)
                              main.o (usb_start)
/home/kevin_moncayo/stm32f103c8t6//rtos/libwwg/libwwg.a(miniprintf.o)
                              /home/kevin_moncayo/stm32f103c8t6//rtos/libwwg/libwwg.a(usbcdc.o) (mini_vprintf_cooked)
/home/kevin_moncayo/stm32f103c8t6//rtos/libwwg/libwwg.a(mcuio.o)
                              main.o (std_printf)
/home/kevin_moncayo/stm32f103c8t6//rtos/libwwg/libwwg.a(getline.o)
                              /home/kevin_moncayo/stm32f103c8t6//rtos/libwwg/libwwg.a(usbcdc.o) (getline)
/home/kevin_moncayo/stm32f103c8t6//rtos/libwwg/libwwg.a(uartlib.o)
                              /home/kevin_moncayo/stm32f103c8t6//rtos/libwwg/libwwg.a(mcuio.o) (uart1_putc)
/home/kevin_moncayo/stm32f103c8t6/libopencm3/lib/libopencm3_stm32f1.a(adc.o)
                              main.o (adc_power_on)
/home/kevin_moncayo/stm32f103c8t6/libopencm3/lib/libopencm3_stm32f1.a(adc_common_v1.o)
                              main.o (adc_power_off)
/home/kevin_moncayo/stm32f103c8t6/libopencm3/lib/libopencm3_stm32f1.a(gpio.o)
                              main.o (gpio_set_mode)
/home/kevin_moncayo/stm32f103c8t6/libopencm3/lib/libopencm3_stm32f1.a(gpio_common_all.o)
                              main.o (gpio_clear)
/home/kevin_moncayo/stm32f103c8t6/libopencm3/lib/libopencm3_stm32f1.a(rcc.o)
                              main.o (rcc_set_adcpre)
/home/kevin_moncayo/stm32f103c8t6/libopencm3/lib/libopencm3_stm32f1.a(rcc_common_all.o)
                              main.o (rcc_peripheral_enable_clock)
/home/kevin_moncayo/stm32f103c8t6/libopencm3/lib/libopencm3_stm32f1.a(usart_common_all.o)
                              /home/kevin_moncayo/stm32f103c8t6//rtos/libwwg/libwwg.a(uartlib.o) (usart_set_baudrate)
/home/kevin_moncayo/stm32f103c8t6/libopencm3/lib/libopencm3_stm32f1.a(usart_common_f124.o)
                              /home/kevin_moncayo/stm32f103c8t6/libopencm3/lib/libopencm3_stm32f1.a(usart_common_all.o) (usart_send)
/home/kevin_moncayo/stm32f103c8t6/libopencm3/lib/libopencm3_stm32f1.a(usb.o)
                              /home/kevin_moncayo/stm32f103c8t6//rtos/libwwg/libwwg.a(usbcdc.o) (usbd_init)
/home/kevin_moncayo/stm32f103c8t6/libopencm3/lib/libopencm3_stm32f1.a(usb_control.o)
                              /home/kevin_moncayo/stm32f103c8t6//rtos/libwwg/libwwg.a(usbcdc.o) (usbd_register_control_callback)
/home/kevin_moncayo/stm32f103c8t6/libopencm3/lib/libopencm3_stm32f1.a(usb_standard.o)
                              /home/kevin_moncayo/stm32f103c8t6//rtos/libwwg/libwwg.a(usbcdc.o) (usbd_register_set_config_callback)
/home/kevin_moncayo/stm32f103c8t6/libopencm3/lib/libopencm3_stm32f1.a(st_usbfs_v1.o)
                              /home/kevin_moncayo/stm32f103c8t6//rtos/libwwg/libwwg.a(usbcdc.o) (st_usbfs_v1_usb_driver)
/home/kevin_moncayo/stm32f103c8t6/libopencm3/lib/libopencm3_stm32f1.a(vector.o)
                              (reset_handler)
/home/kevin_moncayo/stm32f103c8t6/libopencm3/lib/libopencm3_stm32f1.a(nvic.o)
                              /home/kevin_moncayo/stm32f103c8t6//rtos/libwwg/libwwg.a(uartlib.o) (nvic_enable_irq)
/home/kevin_moncayo/stm32f103c8t6/libopencm3/lib/libopencm3_stm32f1.a(assert.o)
                              /home/kevin_moncayo/stm32f103c8t6/libopencm3/lib/libopencm3_stm32f1.a(rcc.o) (cm3_assert_failed)
/home/kevin_moncayo/stm32f103c8t6/libopencm3/lib/libopencm3_stm32f1.a(flash_common_all.o)
                              /home/kevin_moncayo/stm32f103c8t6/libopencm3/lib/libopencm3_stm32f1.a(rcc.o) (flash_set_ws)
/home/kevin_moncayo/stm32f103c8t6/libopencm3/lib/libopencm3_stm32f1.a(st_usbfs_core.o)
                              /home/kevin_moncayo/stm32f103c8t6/libopencm3/lib/libopencm3_stm32f1.a(st_usbfs_v1.o) (st_usbfs_set_address)
/opt/gcc-arm/bin/../lib/gcc/arm-none-eabi/9.2.1/../../../../arm-none-eabi/lib/thumb/v7-m/nofp/libc.a(lib_a-malloc.o)
                              /home/kevin_moncayo/stm32f103c8t6//rtos/libwwg/libwwg.a(uartlib.o) (malloc)
/opt/gcc-arm/bin/../lib/gcc/arm-none-eabi/9.2.1/../../../../arm-none-eabi/lib/thumb/v7-m/nofp/libc.a(lib_a-mallocr.o)
                              /opt/gcc-arm/bin/../lib/gcc/arm-none-eabi/9.2.1/../../../../arm-none-eabi/lib/thumb/v7-m/nofp/libc.a(lib_a-malloc.o) (_malloc_r)
/opt/gcc-arm/bin/../lib/gcc/arm-none-eabi/9.2.1/../../../../arm-none-eabi/lib/thumb/v7-m/nofp/libc.a(lib_a-memmove.o)
                              /home/kevin_moncayo/stm32f103c8t6//rtos/libwwg/libwwg.a(getline.o) (memmove)
/opt/gcc-arm/bin/../lib/gcc/arm-none-eabi/9.2.1/../../../../arm-none-eabi/lib/thumb/v7-m/nofp/libc.a(lib_a-mlock.o)
[...]
Memory Configuration

Name             Origin             Length             Attributes
rom              0x0000000008000000 0x0000000000010000 xr
ram              0x0000000020000000 0x0000000000005000 xrw
*default*        0x0000000000000000 0xffffffffffffffff

Linker script and memory map

LOAD main.o
LOAD rtos/heap_4.o
LOAD rtos/list.o
LOAD rtos/port.o
LOAD rtos/queue.o
LOAD rtos/tasks.o
LOAD rtos/opencm3.o
START GROUP
LOAD /opt/gcc-arm/bin/../lib/gcc/arm-none-eabi/9.2.1/../../../../arm-none-eabi/lib/thumb/v7-m/nofp/libc.a
LOAD /opt/gcc-arm/bin/../lib/gcc/arm-none-eabi/9.2.1/thumb/v7-m/nofp/libgcc.a
LOAD /opt/gcc-arm/bin/../lib/gcc/arm-none-eabi/9.2.1/../../../../arm-none-eabi/lib/thumb/v7-m/nofp/libnosys.a
END GROUP
LOAD /home/kevin_moncayo/stm32f103c8t6//rtos/libwwg/libwwg.a
LOAD /home/kevin_moncayo/stm32f103c8t6/libopencm3/lib/libopencm3_stm32f1.a
START GROUP
LOAD /opt/gcc-arm/bin/../lib/gcc/arm-none-eabi/9.2.1/thumb/v7-m/nofp/libgcc.a
LOAD /opt/gcc-arm/bin/../lib/gcc/arm-none-eabi/9.2.1/../../../../arm-none-eabi/lib/thumb/v7-m/nofp/libc.a
END GROUP
START GROUP
LOAD /opt/gcc-arm/bin/../lib/gcc/arm-none-eabi/9.2.1/thumb/v7-m/nofp/libgcc.a
LOAD /opt/gcc-arm/bin/../lib/gcc/arm-none-eabi/9.2.1/../../../../arm-none-eabi/lib/thumb/v7-m/nofp/libc.a
LOAD /opt/gcc-arm/bin/../lib/gcc/arm-none-eabi/9.2.1/../../../../arm-none-eabi/lib/thumb/v7-m/nofp/libnosys.a
END GROUP

.text           0x0000000008000000     0x3218
 *(.vectors)
 .vectors       0x0000000008000000      0x150 /home/kevin_moncayo/stm32f103c8t6/libopencm3/lib/libopencm3_stm32f1.a(vector.o)
                0x0000000008000000                vector_table
 *(.text*)
 .text.read_adc
                0x0000000008000150       0x50 main.o
 .text.temp_task
                0x00000000080001a0       0x94 main.o
 .text.startup.main
                0x0000000008000234      0x104 main.o
                0x0000000008000234                main
 .text.prvInsertBlockIntoFreeList
                0x0000000008000338       0x48 rtos/heap_4.o
 .text.pvPortMalloc
                0x0000000008000380       0xe8 rtos/heap_4.o
                0x0000000008000380                pvPortMalloc
 .text.vPortFree
                0x0000000008000468       0x4c rtos/heap_4.o
                0x0000000008000468                vPortFree
 .text.vListInitialise
                0x00000000080004b4       0x16 rtos/list.o
                0x00000000080004b4                vListInitialise
 .text.vListInitialiseItem
                0x00000000080004ca        0x6 rtos/list.o
                0x00000000080004ca                vListInitialiseItem
 .text.vListInsertEnd
                0x00000000080004d0       0x18 rtos/list.o
                0x00000000080004d0                vListInsertEnd
 .text.vListInsert
                0x00000000080004e8       0x2e rtos/list.o
                0x00000000080004e8                vListInsert
 .text.uxListRemove
                0x0000000008000516       0x1e rtos/list.o
                0x0000000008000516                uxListRemove
 .text.prvTaskExitError
                0x0000000008000534       0x12 rtos/port.o
 *fill*         0x0000000008000546        0x2 
 .text.prvPortStartFirstTask
                0x0000000008000548       0x20 rtos/port.o
 .text.pxPortInitialiseStack
                0x0000000008000568       0x24 rtos/port.o
                0x0000000008000568                pxPortInitialiseStack
 *fill*         0x000000000800058c        0x4 
 .text.vPortSVCHandler
                0x0000000008000590       0x24 rtos/port.o
                0x0000000008000590                vPortSVCHandler
 .text.vPortEnterCritical
                0x00000000080005b4       0x20 rtos/port.o
                0x00000000080005b4                vPortEnterCritical
 .text.vPortExitCritical
                0x00000000080005d4       0x14 rtos/port.o
                0x00000000080005d4                vPortExitCritical
 *fill*         0x00000000080005e8        0x8 
 .text.xPortPendSVHandler
                0x00000000080005f0       0x44 rtos/port.o
                0x00000000080005f0                xPortPendSVHandler
 .text.xPortSysTickHandler
                0x0000000008000634       0x2c rtos/port.o
                0x0000000008000634                xPortSysTickHandler
 .text.vPortSetupTimerInterrupt
                0x0000000008000660       0x14 rtos/port.o
                0x0000000008000660                vPortSetupTimerInterrupt
 .text.xPortStartScheduler
                0x0000000008000674       0x30 rtos/port.o
                0x0000000008000674                xPortStartScheduler
 .text.prvCopyDataToQueue
                0x00000000080006a4       0x6a rtos/queue.o
 .text.prvCopyDataFromQueue
                0x000000000800070e       0x28 rtos/queue.o
 .text.prvUnlockQueue
                0x0000000008000736       0x70 rtos/queue.o
 *fill*         0x00000000080007a6        0x2 
 .text.xQueueGenericReset
                0x00000000080007a8       0x6c rtos/queue.o
                0x00000000080007a8                xQueueGenericReset
 .text.xQueueGenericCreate
                0x0000000008000814       0x2e rtos/queue.o
                0x0000000008000814                xQueueGenericCreate
 *fill*         0x0000000008000842        0x2 
 .text.xQueueGenericSend
                0x0000000008000844      0x104 rtos/queue.o
                0x0000000008000844                xQueueGenericSend
 .text.xQueueGenericReceive
                0x0000000008000948      0x138 rtos/queue.o
                0x0000000008000948                xQueueGenericReceive
 .text.uxQueueSpacesAvailable
                0x0000000008000a80       0x16 rtos/queue.o
                0x0000000008000a80                uxQueueSpacesAvailable
 *fill*         0x0000000008000a96        0x2 
 .text.prvResetNextTaskUnblockTime
                0x0000000008000a98       0x24 rtos/tasks.o
 .text.prvAddCurrentTaskToDelayedList
                0x0000000008000abc       0x8c rtos/tasks.o
 .text.xTaskCreate
                0x0000000008000b48      0x1b4 rtos/tasks.o
                0x0000000008000b48                xTaskCreate
 .text.vTaskStartScheduler
                0x0000000008000cfc       0x60 rtos/tasks.o
                0x0000000008000cfc                vTaskStartScheduler
 .text.vTaskSuspendAll
                0x0000000008000d5c       0x10 rtos/tasks.o
                0x0000000008000d5c                vTaskSuspendAll
 .text.xTaskIncrementTick
                0x0000000008000d6c      0x10c rtos/tasks.o
                0x0000000008000d6c                xTaskIncrementTick
 .text.xTaskResumeAll
                0x0000000008000e78       0xd8 rtos/tasks.o
                0x0000000008000e78                xTaskResumeAll
 .text.vTaskDelay
                0x0000000008000f50       0x30 rtos/tasks.o
                0x0000000008000f50                vTaskDelay
 .text.prvIdleTask
                0x0000000008000f80       0x74 rtos/tasks.o
 .text.vTaskSwitchContext
                0x0000000008000ff4       0x60 rtos/tasks.o
                0x0000000008000ff4                vTaskSwitchContext
 .text.vTaskPlaceOnEventList
                0x0000000008001054       0x20 rtos/tasks.o
                0x0000000008001054                vTaskPlaceOnEventList
 .text.xTaskRemoveFromEventList
                0x0000000008001074       0x70 rtos/tasks.o
                0x0000000008001074                xTaskRemoveFromEventList
 .text.vTaskSetTimeOutState
                0x00000000080010e4       0x18 rtos/tasks.o
                0x00000000080010e4                vTaskSetTimeOutState
 .text.xTaskCheckForTimeOut
                0x00000000080010fc       0x4c rtos/tasks.o
                0x00000000080010fc                xTaskCheckForTimeOut
 .text.vTaskMissedYield
                0x0000000008001148        0xc rtos/tasks.o
                0x0000000008001148                vTaskMissedYield
 .text.vTaskPriorityInherit
                0x0000000008001154       0x94 rtos/tasks.o
                0x0000000008001154                vTaskPriorityInherit
 .text.xTaskPriorityDisinherit
                0x00000000080011e8       0x70 rtos/tasks.o
                0x00000000080011e8                xTaskPriorityDisinherit
 .text.pvTaskIncrementMutexHeldCount
                0x0000000008001258       0x18 rtos/tasks.o
                0x0000000008001258                pvTaskIncrementMutexHeldCount
 .text.sv_call_handler
                0x0000000008001270        0x4 rtos/opencm3.o
                0x0000000008001270                sv_call_handler
 .text.pend_sv_handler
                0x0000000008001274        0x4 rtos/opencm3.o
                0x0000000008001274                pend_sv_handler
 .text.sys_tick_handler
                0x0000000008001278        0x4 rtos/opencm3.o
                0x0000000008001278                sys_tick_handler
 .text          0x000000000800127c       0xec /opt/gcc-arm/bin/../lib/gcc/arm-none-eabi/9.2.1/../../../../arm-none-eabi/lib/thumb/v7-m/nofp/libc.a(lib_a-memcpy.o)
                0x000000000800127c                memcpy
 .text.cdcacm_control_request
                0x0000000008001368       0x1c /home/kevin_moncayo/stm32f103c8t6//rtos/libwwg/libwwg.a(usbcdc.o)
 .text.usb_putc
                0x0000000008001384       0x5c /home/kevin_moncayo/stm32f103c8t6//rtos/libwwg/libwwg.a(usbcdc.o)
                0x0000000008001384                usb_putc
 .text.usb_getc
                0x00000000080013e0       0x2c /home/kevin_moncayo/stm32f103c8t6//rtos/libwwg/libwwg.a(usbcdc.o)
                0x00000000080013e0                usb_getc
 .text.usb_task
                0x000000000800140c       0x68 /home/kevin_moncayo/stm32f103c8t6//rtos/libwwg/libwwg.a(usbcdc.o)
 .text.cdcacm_set_config
                0x0000000008001474       0x54 /home/kevin_moncayo/stm32f103c8t6//rtos/libwwg/libwwg.a(usbcdc.o)
 .text.cdcacm_data_rx_cb
                0x00000000080014c8       0x48 /home/kevin_moncayo/stm32f103c8t6//rtos/libwwg/libwwg.a(usbcdc.o)
 .text.usb_puts
                0x0000000008001510       0x12 /home/kevin_moncayo/stm32f103c8t6//rtos/libwwg/libwwg.a(usbcdc.o)
                0x0000000008001510                usb_puts
 *fill*         0x0000000008001522        0x2 
 .text.usb_vprintf
                0x0000000008001524       0x10 /home/kevin_moncayo/stm32f103c8t6//rtos/libwwg/libwwg.a(usbcdc.o)
                0x0000000008001524                usb_vprintf
 .text.usb_write
                0x0000000008001534       0x24 /home/kevin_moncayo/stm32f103c8t6//rtos/libwwg/libwwg.a(usbcdc.o)
                0x0000000008001534                usb_write
 .text.usb_peek
                0x0000000008001558       0x28 /home/kevin_moncayo/stm32f103c8t6//rtos/libwwg/libwwg.a(usbcdc.o)
                0x0000000008001558                usb_peek
 .text.usb_gets
                0x0000000008001580       0x4c /home/kevin_moncayo/stm32f103c8t6//rtos/libwwg/libwwg.a(usbcdc.o)
                0x0000000008001580                usb_gets
 .text.usb_getline
                0x00000000080015cc       0x10 /home/kevin_moncayo/stm32f103c8t6//rtos/libwwg/libwwg.a(usbcdc.o)
                0x00000000080015cc                usb_getline
 .text.usb_start
                0x00000000080015dc       0x98 /home/kevin_moncayo/stm32f103c8t6//rtos/libwwg/libwwg.a(usbcdc.o)
                0x00000000080015dc                usb_start
 .text.mini_write
                0x0000000008001674       0x16 /home/kevin_moncayo/stm32f103c8t6//rtos/libwwg/libwwg.a(miniprintf.o)
 .text.mini_putc
                0x000000000800168a       0x2a /home/kevin_moncayo/stm32f103c8t6//rtos/libwwg/libwwg.a(miniprintf.o)
 .text.mini_pad
                0x00000000080016b4       0x24 /home/kevin_moncayo/stm32f103c8t6//rtos/libwwg/libwwg.a(miniprintf.o)
 .text.internal_vprintf
                0x00000000080016d8      0x1f0 /home/kevin_moncayo/stm32f103c8t6//rtos/libwwg/libwwg.a(miniprintf.o)
 .text.mini_vprintf_cooked
                0x00000000080018c8       0x30 /home/kevin_moncayo/stm32f103c8t6//rtos/libwwg/libwwg.a(miniprintf.o)
                0x00000000080018c8                mini_vprintf_cooked
 .text.std_printf
                0x00000000080018f8       0x24 /home/kevin_moncayo/stm32f103c8t6//rtos/libwwg/libwwg.a(mcuio.o)
                0x00000000080018f8                std_printf
 .text.getline  0x000000000800191c      0x182 /home/kevin_moncayo/stm32f103c8t6//rtos/libwwg/libwwg.a(getline.o)
                0x000000000800191c                getline
 *fill*         0x0000000008001a9e        0x2 
 .text.uart_common_isr
                0x0000000008001aa0       0x44 /home/kevin_moncayo/stm32f103c8t6//rtos/libwwg/libwwg.a(uartlib.o)
 .text.usart1_isr
                0x0000000008001ae4        0x6 /home/kevin_moncayo/stm32f103c8t6//rtos/libwwg/libwwg.a(uartlib.o)
                0x0000000008001ae4                usart1_isr
 .text.usart2_isr
                0x0000000008001aea        0x6 /home/kevin_moncayo/stm32f103c8t6//rtos/libwwg/libwwg.a(uartlib.o)
                0x0000000008001aea                usart2_isr
 .text.usart3_isr
                0x0000000008001af0        0x6 /home/kevin_moncayo/stm32f103c8t6//rtos/libwwg/libwwg.a(uartlib.o)
                0x0000000008001af0                usart3_isr
 *fill*         0x0000000008001af6        0x2 
 .text.putc_uart
                0x0000000008001af8       0x34 /home/kevin_moncayo/stm32f103c8t6//rtos/libwwg/libwwg.a(uartlib.o)
                0x0000000008001af8                putc_uart
 .text.uart1_putc
                0x0000000008001b2c       0x1c /home/kevin_moncayo/stm32f103c8t6//rtos/libwwg/libwwg.a(uartlib.o)
                0x0000000008001b2c                uart1_putc
 .text.uart2_putc
                0x0000000008001b48       0x1c /home/kevin_moncayo/stm32f103c8t6//rtos/libwwg/libwwg.a(uartlib.o)
                0x0000000008001b48                uart2_putc
 .text.uart3_putc
                0x0000000008001b64       0x1c /home/kevin_moncayo/stm32f103c8t6//rtos/libwwg/libwwg.a(uartlib.o)
                0x0000000008001b64                uart3_putc
 .text.getc_uart
                0x0000000008001b80       0x4c /home/kevin_moncayo/stm32f103c8t6//rtos/libwwg/libwwg.a(uartlib.o)
                0x0000000008001b80                getc_uart
 .text.uart1_getc
                0x0000000008001bcc        0xa /home/kevin_moncayo/stm32f103c8t6//rtos/libwwg/libwwg.a(uartlib.o)
                0x0000000008001bcc                uart1_getc
 .text.uart2_getc
                0x0000000008001bd6        0xa /home/kevin_moncayo/stm32f103c8t6//rtos/libwwg/libwwg.a(uartlib.o)
                0x0000000008001bd6                uart2_getc
 .text.uart3_getc
                0x0000000008001be0        0xa /home/kevin_moncayo/stm32f103c8t6//rtos/libwwg/libwwg.a(uartlib.o)
                0x0000000008001be0                uart3_getc
 .text.adc_power_on
                0x0000000008001bea       0x10 /home/kevin_moncayo/stm32f103c8t6/libopencm3/lib/libopencm3_stm32f1.a(adc.o)
                0x0000000008001bea                adc_power_on
 .text.adc_start_conversion_direct
                0x0000000008001bfa       0x10 /home/kevin_moncayo/stm32f103c8t6/libopencm3/lib/libopencm3_stm32f1.a(adc.o)
                0x0000000008001bfa                adc_start_conversion_direct
 *fill*         0x0000000008001c0a        0x2 
 .text.adc_set_dual_mode
                0x0000000008001c0c       0x10 /home/kevin_moncayo/stm32f103c8t6/libopencm3/lib/libopencm3_stm32f1.a(adc.o)
                0x0000000008001c0c                adc_set_dual_mode
 .text.adc_enable_temperature_sensor
                0x0000000008001c1c       0x10 /home/kevin_moncayo/stm32f103c8t6/libopencm3/lib/libopencm3_stm32f1.a(adc.o)
                0x0000000008001c1c                adc_enable_temperature_sensor
 .text.adc_reset_calibration
                0x0000000008001c2c       0x14 /home/kevin_moncayo/stm32f103c8t6/libopencm3/lib/libopencm3_stm32f1.a(adc.o)
                0x0000000008001c2c                adc_reset_calibration
 .text.adc_calibrate_async
                0x0000000008001c40        0xa /home/kevin_moncayo/stm32f103c8t6/libopencm3/lib/libopencm3_stm32f1.a(adc.o)
                0x0000000008001c40                adc_calibrate_async
 .text.adc_is_calibrating
                0x0000000008001c4a        0x8 /home/kevin_moncayo/stm32f103c8t6/libopencm3/lib/libopencm3_stm32f1.a(adc.o)
                0x0000000008001c4a                adc_is_calibrating
 .text.adc_set_sample_time
                0x0000000008001c52       0x38 /home/kevin_moncayo/stm32f103c8t6/libopencm3/lib/libopencm3_stm32f1.a(adc.o)
                0x0000000008001c52                adc_set_sample_time
 .text.adc_power_off
                0x0000000008001c8a        0xa /home/kevin_moncayo/stm32f103c8t6/libopencm3/lib/libopencm3_stm32f1.a(adc_common_v1.o)
                0x0000000008001c8a                adc_power_off
 .text.adc_disable_scan_mode
                0x0000000008001c94        0xa /home/kevin_moncayo/stm32f103c8t6/libopencm3/lib/libopencm3_stm32f1.a(adc_common_v1.o)
                0x0000000008001c94                adc_disable_scan_mode
 .text.adc_set_right_aligned
                0x0000000008001c9e        0xa /home/kevin_moncayo/stm32f103c8t6/libopencm3/lib/libopencm3_stm32f1.a(adc_common_v1.o)
                0x0000000008001c9e                adc_set_right_aligned
 .text.adc_eoc  0x0000000008001ca8        0x8 /home/kevin_moncayo/stm32f103c8t6/libopencm3/lib/libopencm3_stm32f1.a(adc_common_v1.o)
                0x0000000008001ca8                adc_eoc
 .text.adc_read_regular
                0x0000000008001cb0        0x4 /home/kevin_moncayo/stm32f103c8t6/libopencm3/lib/libopencm3_stm32f1.a(adc_common_v1.o)
                0x0000000008001cb0                adc_read_regular
 .text.adc_set_single_conversion_mode
                0x0000000008001cb4        0xa /home/kevin_moncayo/stm32f103c8t6/libopencm3/lib/libopencm3_stm32f1.a(adc_common_v1.o)
                0x0000000008001cb4                adc_set_single_conversion_mode
 .text.adc_set_regular_sequence
                0x0000000008001cbe       0x72 /home/kevin_moncayo/stm32f103c8t6/libopencm3/lib/libopencm3_stm32f1.a(adc_common_v1.o)
                0x0000000008001cbe                adc_set_regular_sequence
 .text.gpio_set_mode
                0x0000000008001d30       0x5e /home/kevin_moncayo/stm32f103c8t6/libopencm3/lib/libopencm3_stm32f1.a(gpio.o)
                0x0000000008001d30                gpio_set_mode
 .text.gpio_clear
                0x0000000008001d8e        0x6 /home/kevin_moncayo/stm32f103c8t6/libopencm3/lib/libopencm3_stm32f1.a(gpio_common_all.o)
                0x0000000008001d8e                gpio_clear
 .text.gpio_toggle
                0x0000000008001d94       0x12 /home/kevin_moncayo/stm32f103c8t6/libopencm3/lib/libopencm3_stm32f1.a(gpio_common_all.o)
                0x0000000008001d94                gpio_toggle
 *fill*         0x0000000008001da6        0x2 
 .text.rcc_osc_on.part.0
                0x0000000008001da8       0x10 /home/kevin_moncayo/stm32f103c8t6/libopencm3/lib/libopencm3_stm32f1.a(rcc.o)
 .text.rcc_is_osc_ready
                0x0000000008001db8       0x5c /home/kevin_moncayo/stm32f103c8t6/libopencm3/lib/libopencm3_stm32f1.a(rcc.o)
                0x0000000008001db8                rcc_is_osc_ready
 .text.rcc_wait_for_osc_ready
                0x0000000008001e14       0x10 /home/kevin_moncayo/stm32f103c8t6/libopencm3/lib/libopencm3_stm32f1.a(rcc.o)
                0x0000000008001e14                rcc_wait_for_osc_ready
 .text.rcc_osc_on
                0x0000000008001e24       0x54 /home/kevin_moncayo/stm32f103c8t6/libopencm3/lib/libopencm3_stm32f1.a(rcc.o)
                0x0000000008001e24                rcc_osc_on
 .text.rcc_set_sysclk_source
                0x0000000008001e78       0x14 /home/kevin_moncayo/stm32f103c8t6/libopencm3/lib/libopencm3_stm32f1.a(rcc.o)
                0x0000000008001e78                rcc_set_sysclk_source
 .text.rcc_set_pll_multiplication_factor
                0x0000000008001e8c       0x14 /home/kevin_moncayo/stm32f103c8t6/libopencm3/lib/libopencm3_stm32f1.a(rcc.o)
                0x0000000008001e8c                rcc_set_pll_multiplication_factor
 .text.rcc_set_pll_source
                0x0000000008001ea0       0x14 /home/kevin_moncayo/stm32f103c8t6/libopencm3/lib/libopencm3_stm32f1.a(rcc.o)
                0x0000000008001ea0                rcc_set_pll_source
 .text.rcc_set_pllxtpre
                0x0000000008001eb4       0x14 /home/kevin_moncayo/stm32f103c8t6/libopencm3/lib/libopencm3_stm32f1.a(rcc.o)
                0x0000000008001eb4                rcc_set_pllxtpre
 .text.rcc_set_adcpre
                0x0000000008001ec8       0x14 /home/kevin_moncayo/stm32f103c8t6/libopencm3/lib/libopencm3_stm32f1.a(rcc.o)
                0x0000000008001ec8                rcc_set_adcpre
 .text.rcc_set_ppre2
                0x0000000008001edc       0x14 /home/kevin_moncayo/stm32f103c8t6/libopencm3/lib/libopencm3_stm32f1.a(rcc.o)
                0x0000000008001edc                rcc_set_ppre2
 .text.rcc_set_ppre1
                0x0000000008001ef0       0x14 /home/kevin_moncayo/stm32f103c8t6/libopencm3/lib/libopencm3_stm32f1.a(rcc.o)
                0x0000000008001ef0                rcc_set_ppre1
 .text.rcc_set_hpre
                0x0000000008001f04       0x14 /home/kevin_moncayo/stm32f103c8t6/libopencm3/lib/libopencm3_stm32f1.a(rcc.o)
                0x0000000008001f04                rcc_set_hpre
 .text.rcc_clock_setup_in_hse_8mhz_out_72mhz
                0x0000000008001f18       0x8c /home/kevin_moncayo/stm32f103c8t6/libopencm3/lib/libopencm3_stm32f1.a(rcc.o)
                0x0000000008001f18                rcc_clock_setup_in_hse_8mhz_out_72mhz
 .text.rcc_peripheral_enable_clock
                0x0000000008001fa4        0x8 /home/kevin_moncayo/stm32f103c8t6/libopencm3/lib/libopencm3_stm32f1.a(rcc_common_all.o)
                0x0000000008001fa4                rcc_peripheral_enable_clock
 .text.rcc_peripheral_reset
                0x0000000008001fac        0x8 /home/kevin_moncayo/stm32f103c8t6/libopencm3/lib/libopencm3_stm32f1.a(rcc_common_all.o)
                0x0000000008001fac                rcc_peripheral_reset
 .text.rcc_peripheral_clear_reset
                0x0000000008001fb4        0xa /home/kevin_moncayo/stm32f103c8t6/libopencm3/lib/libopencm3_stm32f1.a(rcc_common_all.o)
                0x0000000008001fb4                rcc_peripheral_clear_reset
 .text.rcc_periph_clock_enable
                0x0000000008001fbe       0x1c /home/kevin_moncayo/stm32f103c8t6/libopencm3/lib/libopencm3_stm32f1.a(rcc_common_all.o)
                0x0000000008001fbe                rcc_periph_clock_enable
 .text.usart_send_blocking
                0x0000000008001fda       0x16 /home/kevin_moncayo/stm32f103c8t6/libopencm3/lib/libopencm3_stm32f1.a(usart_common_all.o)
                0x0000000008001fda                usart_send_blocking
 .text.usart_send
                0x0000000008001ff0        0x8 /home/kevin_moncayo/stm32f103c8t6/libopencm3/lib/libopencm3_stm32f1.a(usart_common_f124.o)
                0x0000000008001ff0                usart_send
 .text.usart_wait_send_ready
                0x0000000008001ff8        0x8 /home/kevin_moncayo/stm32f103c8t6/libopencm3/lib/libopencm3_stm32f1.a(usart_common_f124.o)
                0x0000000008001ff8                usart_wait_send_ready
 .text.usbd_init
                0x0000000008002000       0x50 /home/kevin_moncayo/stm32f103c8t6/libopencm3/lib/libopencm3_stm32f1.a(usb.o)
                0x0000000008002000                usbd_init
 .text.usbd_poll
                0x0000000008002050        0x8 /home/kevin_moncayo/stm32f103c8t6/libopencm3/lib/libopencm3_stm32f1.a(usb.o)
                0x0000000008002050                usbd_poll
 .text.usbd_ep_setup
                0x0000000008002058        0xe /home/kevin_moncayo/stm32f103c8t6/libopencm3/lib/libopencm3_stm32f1.a(usb.o)
                0x0000000008002058                usbd_ep_setup
 .text._usbd_reset
                0x0000000008002066       0x32 /home/kevin_moncayo/stm32f103c8t6/libopencm3/lib/libopencm3_stm32f1.a(usb.o)
                0x0000000008002066                _usbd_reset
 .text.usbd_ep_write_packet
                0x0000000008002098        0xe /home/kevin_moncayo/stm32f103c8t6/libopencm3/lib/libopencm3_stm32f1.a(usb.o)
                0x0000000008002098                usbd_ep_write_packet
 .text.usbd_ep_read_packet
                0x00000000080020a6        0xe /home/kevin_moncayo/stm32f103c8t6/libopencm3/lib/libopencm3_stm32f1.a(usb.o)
                0x00000000080020a6                usbd_ep_read_packet
 .text.usbd_ep_stall_set
                0x00000000080020b4        0x8 /home/kevin_moncayo/stm32f103c8t6/libopencm3/lib/libopencm3_stm32f1.a(usb.o)
                0x00000000080020b4                usbd_ep_stall_set
 .text.usbd_ep_stall_get
                0x00000000080020bc        0x8 /home/kevin_moncayo/stm32f103c8t6/libopencm3/lib/libopencm3_stm32f1.a(usb.o)
                0x00000000080020bc                usbd_ep_stall_get
 .text.usbd_ep_nak_set
                0x00000000080020c4        0x8 /home/kevin_moncayo/stm32f103c8t6/libopencm3/lib/libopencm3_stm32f1.a(usb.o)
                0x00000000080020c4                usbd_ep_nak_set
 .text.usb_control_send_chunk
                0x00000000080020cc       0x52 /home/kevin_moncayo/stm32f103c8t6/libopencm3/lib/libopencm3_stm32f1.a(usb_control.o)
 .text.usb_control_request_dispatch
                0x000000000800211e       0x60 /home/kevin_moncayo/stm32f103c8t6/libopencm3/lib/libopencm3_stm32f1.a(usb_control.o)
 .text.stall_transaction
                0x000000000800217e       0x14 /home/kevin_moncayo/stm32f103c8t6/libopencm3/lib/libopencm3_stm32f1.a(usb_control.o)
 .text.usb_control_recv_chunk
                0x0000000008002192       0x3c /home/kevin_moncayo/stm32f103c8t6/libopencm3/lib/libopencm3_stm32f1.a(usb_control.o)
 .text.usb_control_setup_read
                0x00000000080021ce       0x66 /home/kevin_moncayo/stm32f103c8t6/libopencm3/lib/libopencm3_stm32f1.a(usb_control.o)
 .text.usbd_register_control_callback
                0x0000000008002234       0x2c /home/kevin_moncayo/stm32f103c8t6/libopencm3/lib/libopencm3_stm32f1.a(usb_control.o)
                0x0000000008002234                usbd_register_control_callback
 .text._usbd_control_setup
                0x0000000008002260       0x60 /home/kevin_moncayo/stm32f103c8t6/libopencm3/lib/libopencm3_stm32f1.a(usb_control.o)
                0x0000000008002260                _usbd_control_setup
 .text._usbd_control_out
                0x00000000080022c0       0x82 /home/kevin_moncayo/stm32f103c8t6/libopencm3/lib/libopencm3_stm32f1.a(usb_control.o)
                0x00000000080022c0                _usbd_control_out
 .text._usbd_control_in
                0x0000000008002342       0x64 /home/kevin_moncayo/stm32f103c8t6/libopencm3/lib/libopencm3_stm32f1.a(usb_control.o)
                0x0000000008002342                _usbd_control_in
 .text.usb_standard_set_address
                0x00000000080023a6       0x2a /home/kevin_moncayo/stm32f103c8t6/libopencm3/lib/libopencm3_stm32f1.a(usb_standard.o)
 .text.usb_standard_set_configuration
                0x00000000080023d0       0x92 /home/kevin_moncayo/stm32f103c8t6/libopencm3/lib/libopencm3_stm32f1.a(usb_standard.o)
 .text.usb_standard_get_configuration
                0x0000000008002462       0x22 /home/kevin_moncayo/stm32f103c8t6/libopencm3/lib/libopencm3_stm32f1.a(usb_standard.o)
 .text.usb_standard_get_interface
                0x0000000008002484       0x34 /home/kevin_moncayo/stm32f103c8t6/libopencm3/lib/libopencm3_stm32f1.a(usb_standard.o)
 .text.usb_standard_device_get_status
                0x00000000080024b8       0x18 /home/kevin_moncayo/stm32f103c8t6/libopencm3/lib/libopencm3_stm32f1.a(usb_standard.o)
 .text.usb_standard_endpoint_get_status
                0x00000000080024d0       0x2a /home/kevin_moncayo/stm32f103c8t6/libopencm3/lib/libopencm3_stm32f1.a(usb_standard.o)
 .text.usb_standard_endpoint_stall
                0x00000000080024fa       0x10 /home/kevin_moncayo/stm32f103c8t6/libopencm3/lib/libopencm3_stm32f1.a(usb_standard.o)
 .text.usb_standard_endpoint_unstall
                0x000000000800250a       0x10 /home/kevin_moncayo/stm32f103c8t6/libopencm3/lib/libopencm3_stm32f1.a(usb_standard.o)
 .text.usb_standard_set_interface
                0x000000000800251a       0x50 /home/kevin_moncayo/stm32f103c8t6/libopencm3/lib/libopencm3_stm32f1.a(usb_standard.o)
 .text.usb_standard_get_descriptor
                0x000000000800256a      0x26a /home/kevin_moncayo/stm32f103c8t6/libopencm3/lib/libopencm3_stm32f1.a(usb_standard.o)
 .text.usb_standard_interface_get_status
                0x00000000080027d4       0x18 /home/kevin_moncayo/stm32f103c8t6/libopencm3/lib/libopencm3_stm32f1.a(usb_standard.o)
 .text.usbd_register_set_config_callback
                0x00000000080027ec       0x2c /home/kevin_moncayo/stm32f103c8t6/libopencm3/lib/libopencm3_stm32f1.a(usb_standard.o)
                0x00000000080027ec                usbd_register_set_config_callback
 .text._usbd_standard_request_device
                0x0000000008002818       0x48 /home/kevin_moncayo/stm32f103c8t6/libopencm3/lib/libopencm3_stm32f1.a(usb_standard.o)
                0x0000000008002818                _usbd_standard_request_device
 .text._usbd_standard_request_interface
                0x0000000008002860       0x30 /home/kevin_moncayo/stm32f103c8t6/libopencm3/lib/libopencm3_stm32f1.a(usb_standard.o)
                0x0000000008002860                _usbd_standard_request_interface
 .text._usbd_standard_request_endpoint
                0x0000000008002890       0x3c /home/kevin_moncayo/stm32f103c8t6/libopencm3/lib/libopencm3_stm32f1.a(usb_standard.o)
                0x0000000008002890                _usbd_standard_request_endpoint
 .text._usbd_standard_request
                0x00000000080028cc       0x30 /home/kevin_moncayo/stm32f103c8t6/libopencm3/lib/libopencm3_stm32f1.a(usb_standard.o)
                0x00000000080028cc                _usbd_standard_request
 .text.st_usbfs_v1_usbd_init
                0x00000000080028fc       0x30 /home/kevin_moncayo/stm32f103c8t6/libopencm3/lib/libopencm3_stm32f1.a(st_usbfs_v1.o)
 .text.st_usbfs_copy_to_pm
                0x000000000800292c       0x18 /home/kevin_moncayo/stm32f103c8t6/libopencm3/lib/libopencm3_stm32f1.a(st_usbfs_v1.o)
                0x000000000800292c                st_usbfs_copy_to_pm
 .text.st_usbfs_copy_from_pm
                0x0000000008002944       0x26 /home/kevin_moncayo/stm32f103c8t6/libopencm3/lib/libopencm3_stm32f1.a(st_usbfs_v1.o)
                0x0000000008002944                st_usbfs_copy_from_pm
 .text.blocking_handler
                0x000000000800296a        0x2 /home/kevin_moncayo/stm32f103c8t6/libopencm3/lib/libopencm3_stm32f1.a(vector.o)
                0x000000000800296a                rtc_isr
                0x000000000800296a                tim7_isr
                0x000000000800296a                adc1_2_isr
                0x000000000800296a                tim1_trg_com_isr
                0x000000000800296a                usb_hp_can_tx_isr
                0x000000000800296a                tim6_isr
                0x000000000800296a                usb_wakeup_isr
                0x000000000800296a                blocking_handler
                0x000000000800296a                tim5_isr
                0x000000000800296a                otg_fs_isr
                0x000000000800296a                spi1_isr
                0x000000000800296a                exti2_isr
                0x000000000800296a                dma1_channel6_isr
                0x000000000800296a                can_rx1_isr
                0x000000000800296a                dma1_channel5_isr
                0x000000000800296a                dma2_channel5_isr
                0x000000000800296a                usage_fault_handler
                0x000000000800296a                tim8_trg_com_isr
                0x000000000800296a                can2_rx0_isr
                0x000000000800296a                tim1_brk_isr
                0x000000000800296a                can2_rx1_isr
                0x000000000800296a                tim1_cc_isr
                0x000000000800296a                sdio_isr
                0x000000000800296a                eth_isr
                0x000000000800296a                dma1_channel4_isr
                0x000000000800296a                tim8_brk_isr
                0x000000000800296a                dma2_channel4_5_isr
                0x000000000800296a                pvd_isr
                0x000000000800296a                rcc_isr
                0x000000000800296a                flash_isr
                0x000000000800296a                uart4_isr
                0x000000000800296a                rtc_alarm_isr
                0x000000000800296a                exti15_10_isr
                0x000000000800296a                hard_fault_handler
                0x000000000800296a                exti1_isr
                0x000000000800296a                i2c1_ev_isr
                0x000000000800296a                dma2_channel1_isr
                0x000000000800296a                spi2_isr
                0x000000000800296a                tim8_up_isr
                0x000000000800296a                dma2_channel2_isr
                0x000000000800296a                exti3_isr
                0x000000000800296a                adc3_isr
                0x000000000800296a                tim3_isr
                0x000000000800296a                usb_lp_can_rx0_isr
                0x000000000800296a                i2c2_er_isr
                0x000000000800296a                i2c2_ev_isr
                0x000000000800296a                uart5_isr
                0x000000000800296a                fsmc_isr
                0x000000000800296a                dma1_channel1_isr
                0x000000000800296a                exti4_isr
                0x000000000800296a                mem_manage_handler
                0x000000000800296a                can2_tx_isr
                0x000000000800296a                exti9_5_isr
                0x000000000800296a                dma2_channel3_isr
                0x000000000800296a                dma1_channel7_isr
                0x000000000800296a                tim1_up_isr
                0x000000000800296a                can2_sce_isr
                0x000000000800296a                tim4_isr
                0x000000000800296a                dma1_channel2_isr
                0x000000000800296a                i2c1_er_isr
                0x000000000800296a                can_sce_isr
                0x000000000800296a                tim8_cc_isr
                0x000000000800296a                tamper_isr
                0x000000000800296a                eth_wkup_isr
                0x000000000800296a                bus_fault_handler
                0x000000000800296a                wwdg_isr
                0x000000000800296a                dma1_channel3_isr
                0x000000000800296a                spi3_isr
                0x000000000800296a                tim2_isr
                0x000000000800296a                exti0_isr
 .text.null_handler
                0x000000000800296c        0x2 /home/kevin_moncayo/stm32f103c8t6/libopencm3/lib/libopencm3_stm32f1.a(vector.o)
                0x000000000800296c                null_handler
                0x000000000800296c                debug_monitor_handler
                0x000000000800296c                nmi_handler
 *fill*         0x000000000800296e        0x2 
 .text.reset_handler
                0x0000000008002970       0x90 /home/kevin_moncayo/stm32f103c8t6/libopencm3/lib/libopencm3_stm32f1.a(vector.o)
                0x0000000008002970                reset_handler
 .text.flash_set_ws
                0x0000000008002a00       0x14 /home/kevin_moncayo/stm32f103c8t6/libopencm3/lib/libopencm3_stm32f1.a(flash_common_all.o)
                0x0000000008002a00                flash_set_ws
 .text.st_usbfs_set_address
                0x0000000008002a14       0x10 /home/kevin_moncayo/stm32f103c8t6/libopencm3/lib/libopencm3_stm32f1.a(st_usbfs_core.o)
                0x0000000008002a14                st_usbfs_set_address
 .text.st_usbfs_set_ep_rx_bufsize
                0x0000000008002a24       0x40 /home/kevin_moncayo/stm32f103c8t6/libopencm3/lib/libopencm3_stm32f1.a(st_usbfs_core.o)
                0x0000000008002a24                st_usbfs_set_ep_rx_bufsize
 .text.st_usbfs_ep_setup
                0x0000000008002a64      0x124 /home/kevin_moncayo/stm32f103c8t6/libopencm3/lib/libopencm3_stm32f1.a(st_usbfs_core.o)
                0x0000000008002a64                st_usbfs_ep_setup
 .text.st_usbfs_endpoints_reset
                0x0000000008002b88       0x44 /home/kevin_moncayo/stm32f103c8t6/libopencm3/lib/libopencm3_stm32f1.a(st_usbfs_core.o)
                0x0000000008002b88                st_usbfs_endpoints_reset
 .text.st_usbfs_ep_stall_set
                0x0000000008002bcc       0xc0 /home/kevin_moncayo/stm32f103c8t6/libopencm3/lib/libopencm3_stm32f1.a(st_usbfs_core.o)
                0x0000000008002bcc                st_usbfs_ep_stall_set
 .text.st_usbfs_ep_stall_get
                0x0000000008002c8c       0x38 /home/kevin_moncayo/stm32f103c8t6/libopencm3/lib/libopencm3_stm32f1.a(st_usbfs_core.o)
                0x0000000008002c8c                st_usbfs_ep_stall_get
 .text.st_usbfs_ep_nak_set
                0x0000000008002cc4       0x3c /home/kevin_moncayo/stm32f103c8t6/libopencm3/lib/libopencm3_stm32f1.a(st_usbfs_core.o)
                0x0000000008002cc4                st_usbfs_ep_nak_set
 .text.st_usbfs_ep_write_packet
                0x0000000008002d00       0x80 /home/kevin_moncayo/stm32f103c8t6/libopencm3/lib/libopencm3_stm32f1.a(st_usbfs_core.o)
                0x0000000008002d00                st_usbfs_ep_write_packet
 .text.st_usbfs_ep_read_packet
                0x0000000008002d80       0xac /home/kevin_moncayo/stm32f103c8t6/libopencm3/lib/libopencm3_stm32f1.a(st_usbfs_core.o)
                0x0000000008002d80                st_usbfs_ep_read_packet
 .text.st_usbfs_poll
                0x0000000008002e2c       0xe8 /home/kevin_moncayo/stm32f103c8t6/libopencm3/lib/libopencm3_stm32f1.a(st_usbfs_core.o)
                0x0000000008002e2c                st_usbfs_poll
 .text.memmove  0x0000000008002f14       0xd4 /opt/gcc-arm/bin/../lib/gcc/arm-none-eabi/9.2.1/../../../../arm-none-eabi/lib/thumb/v7-m/nofp/libc.a(lib_a-memmove.o)
                0x0000000008002f14                memmove
 .text.strlen   0x0000000008002fe8       0x5c /opt/gcc-arm/bin/../lib/gcc/arm-none-eabi/9.2.1/../../../../arm-none-eabi/lib/thumb/v7-m/nofp/libc.a(lib_a-strlen-stub.o)
                0x0000000008002fe8                strlen
                0x0000000008003044                . = ALIGN (0x4)
 *(.rodata*)
 .rodata.temp_task.str1.1
                0x0000000008003044       0x5c main.o
 .rodata.main.str1.1
                0x00000000080030a0        0x5 main.o
 .rodata.vTaskStartScheduler.str1.1
                0x00000000080030a5        0x5 rtos/tasks.o
 .rodata.usb_start.str1.1
                0x00000000080030aa        0x4 /home/kevin_moncayo/stm32f103c8t6//rtos/libwwg/libwwg.a(usbcdc.o)
 .rodata.str1.1
                0x00000000080030ae       0x29 /home/kevin_moncayo/stm32f103c8t6//rtos/libwwg/libwwg.a(usbcdc.o)
 .rodata.cdcacm_functional_descriptors
                0x00000000080030d7       0x13 /home/kevin_moncayo/stm32f103c8t6//rtos/libwwg/libwwg.a(usbcdc.o)
 .rodata.comm_endp
                0x00000000080030ea        0xf /home/kevin_moncayo/stm32f103c8t6//rtos/libwwg/libwwg.a(usbcdc.o)
 .rodata.comm_iface
                0x00000000080030f9       0x15 /home/kevin_moncayo/stm32f103c8t6//rtos/libwwg/libwwg.a(usbcdc.o)
 .rodata.config
                0x000000000800310e        0xd /home/kevin_moncayo/stm32f103c8t6//rtos/libwwg/libwwg.a(usbcdc.o)
 .rodata.cr.5622
                0x000000000800311b        0x1 /home/kevin_moncayo/stm32f103c8t6//rtos/libwwg/libwwg.a(usbcdc.o)
 .rodata.data_endp
                0x000000000800311c       0x1e /home/kevin_moncayo/stm32f103c8t6//rtos/libwwg/libwwg.a(usbcdc.o)
 .rodata.data_iface
                0x000000000800313a       0x15 /home/kevin_moncayo/stm32f103c8t6//rtos/libwwg/libwwg.a(usbcdc.o)
 .rodata.dev    0x000000000800314f       0x12 /home/kevin_moncayo/stm32f103c8t6//rtos/libwwg/libwwg.a(usbcdc.o)
 *fill*         0x0000000008003161        0x3 
 .rodata.ifaces
                0x0000000008003164       0x20 /home/kevin_moncayo/stm32f103c8t6//rtos/libwwg/libwwg.a(usbcdc.o)
 .rodata.internal_vprintf.str1.1
                0x0000000008003184        0x3 /home/kevin_moncayo/stm32f103c8t6//rtos/libwwg/libwwg.a(miniprintf.o)
 *fill*         0x0000000008003187        0x1 
 .rodata.dev_usb
                0x0000000008003188       0x20 /home/kevin_moncayo/stm32f103c8t6//rtos/libwwg/libwwg.a(mcuio.o)
 .rodata.uarts  0x00000000080031a8       0x3c /home/kevin_moncayo/stm32f103c8t6//rtos/libwwg/libwwg.a(uartlib.o)
 .rodata.st_usbfs_v1_usb_driver
                0x00000000080031e4       0x34 /home/kevin_moncayo/stm32f103c8t6/libopencm3/lib/libopencm3_stm32f1.a(st_usbfs_v1.o)
                0x00000000080031e4                st_usbfs_v1_usb_driver
                0x0000000008003218                . = ALIGN (0x4)

.glue_7         0x0000000008003218        0x0
 .glue_7        0x0000000008003218        0x0 linker stubs

.glue_7t        0x0000000008003218        0x0
 .glue_7t       0x0000000008003218        0x0 linker stubs

.vfp11_veneer   0x0000000008003218        0x0
 .vfp11_veneer  0x0000000008003218        0x0 linker stubs

.v4_bx          0x0000000008003218        0x0
 .v4_bx         0x0000000008003218        0x0 linker stubs

.iplt           0x0000000008003218        0x0
 .iplt          0x0000000008003218        0x0 main.o

.rel.dyn        0x0000000008003218        0x0
 .rel.iplt      0x0000000008003218        0x0 main.o

.preinit_array  0x0000000008003218        0x0
                0x0000000008003218                . = ALIGN (0x4)
                0x0000000008003218                __preinit_array_start = .
 *(.preinit_array)
                0x0000000008003218                __preinit_array_end = .

.init_array     0x0000000008003218        0x0
                0x0000000008003218                . = ALIGN (0x4)
                0x0000000008003218                __init_array_start = .
 *(SORT_BY_NAME(.init_array.*))
 *(.init_array)
                0x0000000008003218                __init_array_end = .

.fini_array     0x0000000008003218        0x0
                0x0000000008003218                . = ALIGN (0x4)
                0x0000000008003218                __fini_array_start = .
 *(.fini_array)
 *(SORT_BY_NAME(.fini_array.*))
                0x0000000008003218                __fini_array_end = .

.ARM.extab
 *(.ARM.extab*)

.ARM.exidx      0x0000000008003218        0x0
                0x0000000008003218                __exidx_start = .
 *(.ARM.exidx*)
                0x0000000008003218                __exidx_end = .
                0x0000000008003218                . = ALIGN (0x4)
                0x0000000008003218                _etext = .

.data           0x0000000020000000       0x24 load address 0x0000000008003218
                0x0000000020000000                _data = .
 *(.data*)
 .data.uxCriticalNesting
                0x0000000020000000        0x4 rtos/port.o
 .data.usb_strings
                0x0000000020000004        0xc /home/kevin_moncayo/stm32f103c8t6//rtos/libwwg/libwwg.a(usbcdc.o)
 .data.mcu_stdio
                0x0000000020000010        0x4 /home/kevin_moncayo/stm32f103c8t6//rtos/libwwg/libwwg.a(mcuio.o)
                0x0000000020000010                mcu_stdio
 .data.mcu_usb  0x0000000020000014        0x4 /home/kevin_moncayo/stm32f103c8t6//rtos/libwwg/libwwg.a(mcuio.o)
                0x0000000020000014                mcu_usb
 .data.rcc_ahb_frequency
                0x0000000020000018        0x4 /home/kevin_moncayo/stm32f103c8t6/libopencm3/lib/libopencm3_stm32f1.a(rcc.o)
                0x0000000020000018                rcc_ahb_frequency
 .data.rcc_apb1_frequency
                0x000000002000001c        0x4 /home/kevin_moncayo/stm32f103c8t6/libopencm3/lib/libopencm3_stm32f1.a(rcc.o)
                0x000000002000001c                rcc_apb1_frequency
 .data.rcc_apb2_frequency
                0x0000000020000020        0x4 /home/kevin_moncayo/stm32f103c8t6/libopencm3/lib/libopencm3_stm32f1.a(rcc.o)
                0x0000000020000020                rcc_apb2_frequency
                0x0000000020000024                . = ALIGN (0x4)
                0x0000000020000024                _edata = .
                0x0000000008003218                _data_loadaddr = LOADADDR (.data)

.igot.plt       0x0000000020000024        0x0 load address 0x000000000800323c
 .igot.plt      0x0000000020000024        0x0 main.o

.bss            0x0000000020000024     0x46b8 load address 0x000000000800323c
 *(.bss*)
 .bss.pxEnd     0x0000000020000024        0x4 rtos/heap_4.o
 .bss.ucHeap    0x0000000020000028     0x4400 rtos/heap_4.o
 .bss.xBlockAllocatedBit
                0x0000000020004428        0x4 rtos/heap_4.o
 .bss.xFreeBytesRemaining
                0x000000002000442c        0x4 rtos/heap_4.o
 .bss.xMinimumEverFreeBytesRemaining
                0x0000000020004430        0x4 rtos/heap_4.o
 .bss.xStart    0x0000000020004434        0x8 rtos/heap_4.o
 .bss.pxCurrentTCB
                0x000000002000443c        0x4 rtos/tasks.o
                0x000000002000443c                pxCurrentTCB
 .bss.pxDelayedTaskList
                0x0000000020004440        0x4 rtos/tasks.o
 .bss.pxOverflowDelayedTaskList
                0x0000000020004444        0x4 rtos/tasks.o
 .bss.pxReadyTasksLists
                0x0000000020004448       0x64 rtos/tasks.o
 .bss.uxCurrentNumberOfTasks
                0x00000000200044ac        0x4 rtos/tasks.o
 .bss.uxDeletedTasksWaitingCleanUp
                0x00000000200044b0        0x4 rtos/tasks.o
 .bss.uxPendedTicks
                0x00000000200044b4        0x4 rtos/tasks.o
 .bss.uxSchedulerSuspended
                0x00000000200044b8        0x4 rtos/tasks.o
 .bss.uxTaskNumber
                0x00000000200044bc        0x4 rtos/tasks.o
 .bss.uxTopReadyPriority
                0x00000000200044c0        0x4 rtos/tasks.o
 .bss.xDelayedTaskList1
                0x00000000200044c4       0x14 rtos/tasks.o
 .bss.xDelayedTaskList2
                0x00000000200044d8       0x14 rtos/tasks.o
 .bss.xIdleTaskHandle
                0x00000000200044ec        0x4 rtos/tasks.o
 .bss.xNextTaskUnblockTime
                0x00000000200044f0        0x4 rtos/tasks.o
 .bss.xNumOfOverflows
                0x00000000200044f4        0x4 rtos/tasks.o
 .bss.xPendingReadyList
                0x00000000200044f8       0x14 rtos/tasks.o
 .bss.xSchedulerRunning
                0x000000002000450c        0x4 rtos/tasks.o
 .bss.xSuspendedTaskList
                0x0000000020004510       0x14 rtos/tasks.o
 .bss.xTasksWaitingTermination
                0x0000000020004524       0x14 rtos/tasks.o
 .bss.xTickCount
                0x0000000020004538        0x4 rtos/tasks.o
 .bss.xYieldPending
                0x000000002000453c        0x4 rtos/tasks.o
 .bss.initialized
                0x0000000020004540        0x1 /home/kevin_moncayo/stm32f103c8t6//rtos/libwwg/libwwg.a(usbcdc.o)
 *fill*         0x0000000020004541        0x3 
 .bss.usb_rxq   0x0000000020004544        0x4 /home/kevin_moncayo/stm32f103c8t6//rtos/libwwg/libwwg.a(usbcdc.o)
 .bss.usb_txq   0x0000000020004548        0x4 /home/kevin_moncayo/stm32f103c8t6//rtos/libwwg/libwwg.a(usbcdc.o)
 .bss.usbd_control_buffer
                0x000000002000454c       0x80 /home/kevin_moncayo/stm32f103c8t6//rtos/libwwg/libwwg.a(usbcdc.o)
                0x000000002000454c                usbd_control_buffer
 .bss.uart_data
                0x00000000200045cc        0xc /home/kevin_moncayo/stm32f103c8t6//rtos/libwwg/libwwg.a(uartlib.o)
 .bss.st_usbfs_dev
                0x00000000200045d8       0xfc /home/kevin_moncayo/stm32f103c8t6/libopencm3/lib/libopencm3_stm32f1.a(st_usbfs_core.o)
                0x00000000200045d8                st_usbfs_dev
 .bss.st_usbfs_force_nak
                0x00000000200046d4        0x8 /home/kevin_moncayo/stm32f103c8t6/libopencm3/lib/libopencm3_stm32f1.a(st_usbfs_core.o)
                0x00000000200046d4                st_usbfs_force_nak
 *(COMMON)
                0x00000000200046dc                . = ALIGN (0x4)
                0x00000000200046dc                _ebss = .

/DISCARD/
 *(.eh_frame)
                0x00000000200046dc                . = ALIGN (0x4)
                0x00000000200046dc                end = .
                0x0000000020005000                PROVIDE (_stack = (ORIGIN (ram) + LENGTH (ram)))
OUTPUT(main.elf elf32-littlearm)

.debug_info     0x0000000000000000    0x17c89
 .debug_info    0x0000000000000000     0x1370 main.o
 .debug_info    0x0000000000001370      0xca4 rtos/heap_4.o
 .debug_info    0x0000000000002014      0xb67 rtos/list.o
 .debug_info    0x0000000000002b7b      0x328 rtos/port.o
 .debug_info    0x0000000000002ea3     0x1d52 rtos/queue.o
 .debug_info    0x0000000000004bf5     0x2ab3 rtos/tasks.o
 .debug_info    0x00000000000076a8      0x136 rtos/opencm3.o
 .debug_info    0x00000000000077de     0x1b96 /home/kevin_moncayo/stm32f103c8t6//rtos/libwwg/libwwg.a(usbcdc.o)
 .debug_info    0x0000000000009374     0x11b6 /home/kevin_moncayo/stm32f103c8t6//rtos/libwwg/libwwg.a(miniprintf.o)
 .debug_info    0x000000000000a52a      0xc1c /home/kevin_moncayo/stm32f103c8t6//rtos/libwwg/libwwg.a(mcuio.o)
 .debug_info    0x000000000000b146      0xb5a /home/kevin_moncayo/stm32f103c8t6//rtos/libwwg/libwwg.a(getline.o)
 .debug_info    0x000000000000bca0     0x1c52 /home/kevin_moncayo/stm32f103c8t6//rtos/libwwg/libwwg.a(uartlib.o)
 .debug_info    0x000000000000d8f2      0x3c9 /home/kevin_moncayo/stm32f103c8t6/libopencm3/lib/libopencm3_stm32f1.a(adc.o)
 .debug_info    0x000000000000dcbb      0x8e9 /home/kevin_moncayo/stm32f103c8t6/libopencm3/lib/libopencm3_stm32f1.a(adc_common_v1.o)
 .debug_info    0x000000000000e5a4      0x20a /home/kevin_moncayo/stm32f103c8t6/libopencm3/lib/libopencm3_stm32f1.a(gpio.o)
 .debug_info    0x000000000000e7ae      0x266 /home/kevin_moncayo/stm32f103c8t6/libopencm3/lib/libopencm3_stm32f1.a(gpio_common_all.o)
 .debug_info    0x000000000000ea14     0x128f /home/kevin_moncayo/stm32f103c8t6/libopencm3/lib/libopencm3_stm32f1.a(rcc.o)
 .debug_info    0x000000000000fca3      0x603 /home/kevin_moncayo/stm32f103c8t6/libopencm3/lib/libopencm3_stm32f1.a(rcc_common_all.o)
 .debug_info    0x00000000000102a6      0x51b /home/kevin_moncayo/stm32f103c8t6/libopencm3/lib/libopencm3_stm32f1.a(usart_common_all.o)
 .debug_info    0x00000000000107c1      0x1c5 /home/kevin_moncayo/stm32f103c8t6/libopencm3/lib/libopencm3_stm32f1.a(usart_common_f124.o)
 .debug_info    0x0000000000010986     0x17fc /home/kevin_moncayo/stm32f103c8t6/libopencm3/lib/libopencm3_stm32f1.a(usb.o)
 .debug_info    0x0000000000012182     0x1931 /home/kevin_moncayo/stm32f103c8t6/libopencm3/lib/libopencm3_stm32f1.a(usb_control.o)
 .debug_info    0x0000000000013ab3     0x1fc5 /home/kevin_moncayo/stm32f103c8t6/libopencm3/lib/libopencm3_stm32f1.a(usb_standard.o)
 .debug_info    0x0000000000015a78      0xda7 /home/kevin_moncayo/stm32f103c8t6/libopencm3/lib/libopencm3_stm32f1.a(st_usbfs_v1.o)
 .debug_info    0x000000000001681f      0x2dd /home/kevin_moncayo/stm32f103c8t6/libopencm3/lib/libopencm3_stm32f1.a(vector.o)
 .debug_info    0x0000000000016afc       0xf6 /home/kevin_moncayo/stm32f103c8t6/libopencm3/lib/libopencm3_stm32f1.a(flash_common_all.o)
 .debug_info    0x0000000000016bf2     0x1097 /home/kevin_moncayo/stm32f103c8t6/libopencm3/lib/libopencm3_stm32f1.a(st_usbfs_core.o)

.debug_abbrev   0x0000000000000000     0x462e
 .debug_abbrev  0x0000000000000000      0x367 main.o
 .debug_abbrev  0x0000000000000367      0x361 rtos/heap_4.o
 .debug_abbrev  0x00000000000006c8      0x22f rtos/list.o
 .debug_abbrev  0x00000000000008f7      0x223 rtos/port.o
 .debug_abbrev  0x0000000000000b1a      0x3c7 rtos/queue.o
 .debug_abbrev  0x0000000000000ee1      0x4fe rtos/tasks.o
 .debug_abbrev  0x00000000000013df       0x89 rtos/opencm3.o
 .debug_abbrev  0x0000000000001468      0x46e /home/kevin_moncayo/stm32f103c8t6//rtos/libwwg/libwwg.a(usbcdc.o)
 .debug_abbrev  0x00000000000018d6      0x47c /home/kevin_moncayo/stm32f103c8t6//rtos/libwwg/libwwg.a(miniprintf.o)
 .debug_abbrev  0x0000000000001d52      0x296 /home/kevin_moncayo/stm32f103c8t6//rtos/libwwg/libwwg.a(mcuio.o)
 .debug_abbrev  0x0000000000001fe8      0x279 /home/kevin_moncayo/stm32f103c8t6//rtos/libwwg/libwwg.a(getline.o)
 .debug_abbrev  0x0000000000002261      0x450 /home/kevin_moncayo/stm32f103c8t6//rtos/libwwg/libwwg.a(uartlib.o)
 .debug_abbrev  0x00000000000026b1      0x192 /home/kevin_moncayo/stm32f103c8t6/libopencm3/lib/libopencm3_stm32f1.a(adc.o)
 .debug_abbrev  0x0000000000002843      0x181 /home/kevin_moncayo/stm32f103c8t6/libopencm3/lib/libopencm3_stm32f1.a(adc_common_v1.o)
 .debug_abbrev  0x00000000000029c4       0xd0 /home/kevin_moncayo/stm32f103c8t6/libopencm3/lib/libopencm3_stm32f1.a(gpio.o)
 .debug_abbrev  0x0000000000002a94      0x116 /home/kevin_moncayo/stm32f103c8t6/libopencm3/lib/libopencm3_stm32f1.a(gpio_common_all.o)
 .debug_abbrev  0x0000000000002baa      0x2e1 /home/kevin_moncayo/stm32f103c8t6/libopencm3/lib/libopencm3_stm32f1.a(rcc.o)
 .debug_abbrev  0x0000000000002e8b      0x15d /home/kevin_moncayo/stm32f103c8t6/libopencm3/lib/libopencm3_stm32f1.a(rcc_common_all.o)
 .debug_abbrev  0x0000000000002fe8      0x129 /home/kevin_moncayo/stm32f103c8t6/libopencm3/lib/libopencm3_stm32f1.a(usart_common_all.o)
 .debug_abbrev  0x0000000000003111       0xc8 /home/kevin_moncayo/stm32f103c8t6/libopencm3/lib/libopencm3_stm32f1.a(usart_common_f124.o)
 .debug_abbrev  0x00000000000031d9      0x333 /home/kevin_moncayo/stm32f103c8t6/libopencm3/lib/libopencm3_stm32f1.a(usb.o)
 .debug_abbrev  0x000000000000350c      0x477 /home/kevin_moncayo/stm32f103c8t6/libopencm3/lib/libopencm3_stm32f1.a(usb_control.o)
 .debug_abbrev  0x0000000000003983      0x5a4 /home/kevin_moncayo/stm32f103c8t6/libopencm3/lib/libopencm3_stm32f1.a(usb_standard.o)
 .debug_abbrev  0x0000000000003f27      0x265 /home/kevin_moncayo/stm32f103c8t6/libopencm3/lib/libopencm3_stm32f1.a(st_usbfs_v1.o)
 .debug_abbrev  0x000000000000418c      0x145 /home/kevin_moncayo/stm32f103c8t6/libopencm3/lib/libopencm3_stm32f1.a(vector.o)
 .debug_abbrev  0x00000000000042d1       0x97 /home/kevin_moncayo/stm32f103c8t6/libopencm3/lib/libopencm3_stm32f1.a(flash_common_all.o)
 .debug_abbrev  0x0000000000004368      0x2c6 /home/kevin_moncayo/stm32f103c8t6/libopencm3/lib/libopencm3_stm32f1.a(st_usbfs_core.o)

.debug_loc      0x0000000000000000     0x881b
 .debug_loc     0x0000000000000000       0xfe main.o
 .debug_loc     0x00000000000000fe      0x361 rtos/heap_4.o
 .debug_loc     0x000000000000045f       0xaf rtos/list.o
 .debug_loc     0x000000000000050e       0xbe rtos/port.o
 .debug_loc     0x00000000000005cc     0x106a rtos/queue.o
 .debug_loc     0x0000000000001636     0x17e4 rtos/tasks.o
 .debug_loc     0x0000000000002e1a      0x4ea /home/kevin_moncayo/stm32f103c8t6//rtos/libwwg/libwwg.a(usbcdc.o)
 .debug_loc     0x0000000000003304      0xa2b /home/kevin_moncayo/stm32f103c8t6//rtos/libwwg/libwwg.a(miniprintf.o)
 .debug_loc     0x0000000000003d2f       0x4f /home/kevin_moncayo/stm32f103c8t6//rtos/libwwg/libwwg.a(mcuio.o)
 .debug_loc     0x0000000000003d7e      0x2d3 /home/kevin_moncayo/stm32f103c8t6//rtos/libwwg/libwwg.a(getline.o)
 .debug_loc     0x0000000000004051      0xda9 /home/kevin_moncayo/stm32f103c8t6//rtos/libwwg/libwwg.a(uartlib.o)
 .debug_loc     0x0000000000004dfa      0x152 /home/kevin_moncayo/stm32f103c8t6/libopencm3/lib/libopencm3_stm32f1.a(adc.o)
 .debug_loc     0x0000000000004f4c      0x441 /home/kevin_moncayo/stm32f103c8t6/libopencm3/lib/libopencm3_stm32f1.a(adc_common_v1.o)
 .debug_loc     0x000000000000538d      0x134 /home/kevin_moncayo/stm32f103c8t6/libopencm3/lib/libopencm3_stm32f1.a(gpio.o)
 .debug_loc     0x00000000000054c1       0xbe /home/kevin_moncayo/stm32f103c8t6/libopencm3/lib/libopencm3_stm32f1.a(gpio_common_all.o)
 .debug_loc     0x000000000000557f      0x39c /home/kevin_moncayo/stm32f103c8t6/libopencm3/lib/libopencm3_stm32f1.a(rcc.o)
 .debug_loc     0x000000000000591b       0x6f /home/kevin_moncayo/stm32f103c8t6/libopencm3/lib/libopencm3_stm32f1.a(rcc_common_all.o)
 .debug_loc     0x000000000000598a      0x172 /home/kevin_moncayo/stm32f103c8t6/libopencm3/lib/libopencm3_stm32f1.a(usart_common_all.o)
 .debug_loc     0x0000000000005afc       0x99 /home/kevin_moncayo/stm32f103c8t6/libopencm3/lib/libopencm3_stm32f1.a(usart_common_f124.o)
 .debug_loc     0x0000000000005b95      0x544 /home/kevin_moncayo/stm32f103c8t6/libopencm3/lib/libopencm3_stm32f1.a(usb.o)
 .debug_loc     0x00000000000060d9      0x81a /home/kevin_moncayo/stm32f103c8t6/libopencm3/lib/libopencm3_stm32f1.a(usb_control.o)
 .debug_loc     0x00000000000068f3     0x13a2 /home/kevin_moncayo/stm32f103c8t6/libopencm3/lib/libopencm3_stm32f1.a(usb_standard.o)
 .debug_loc     0x0000000000007c95      0x1de /home/kevin_moncayo/stm32f103c8t6/libopencm3/lib/libopencm3_stm32f1.a(st_usbfs_v1.o)
 .debug_loc     0x0000000000007e73      0x128 /home/kevin_moncayo/stm32f103c8t6/libopencm3/lib/libopencm3_stm32f1.a(vector.o)
 .debug_loc     0x0000000000007f9b       0x15 /home/kevin_moncayo/stm32f103c8t6/libopencm3/lib/libopencm3_stm32f1.a(flash_common_all.o)
 .debug_loc     0x0000000000007fb0      0x86b /home/kevin_moncayo/stm32f103c8t6/libopencm3/lib/libopencm3_stm32f1.a(st_usbfs_core.o)

.debug_aranges  0x0000000000000000      0xd70
 .debug_aranges
                0x0000000000000000       0x30 main.o
 .debug_aranges
                0x0000000000000030       0x48 rtos/heap_4.o
 .debug_aranges
                0x0000000000000078       0x40 rtos/list.o
 .debug_aranges
                0x00000000000000b8       0x70 rtos/port.o
 .debug_aranges
                0x0000000000000128       0xa8 rtos/queue.o
 .debug_aranges
                0x00000000000001d0      0x158 rtos/tasks.o
 .debug_aranges
                0x0000000000000328       0x30 rtos/opencm3.o
 .debug_aranges
                0x0000000000000358       0x98 /home/kevin_moncayo/stm32f103c8t6//rtos/libwwg/libwwg.a(usbcdc.o)
 .debug_aranges
                0x00000000000003f0       0x58 /home/kevin_moncayo/stm32f103c8t6//rtos/libwwg/libwwg.a(miniprintf.o)
 .debug_aranges
                0x0000000000000448       0x28 /home/kevin_moncayo/stm32f103c8t6//rtos/libwwg/libwwg.a(mcuio.o)
 .debug_aranges
                0x0000000000000470       0x20 /home/kevin_moncayo/stm32f103c8t6//rtos/libwwg/libwwg.a(getline.o)
 .debug_aranges
                0x0000000000000490      0x140 /home/kevin_moncayo/stm32f103c8t6//rtos/libwwg/libwwg.a(uartlib.o)
 .debug_aranges
                0x00000000000005d0       0x98 /home/kevin_moncayo/stm32f103c8t6/libopencm3/lib/libopencm3_stm32f1.a(adc.o)
 .debug_aranges
                0x0000000000000668      0x158 /home/kevin_moncayo/stm32f103c8t6/libopencm3/lib/libopencm3_stm32f1.a(adc_common_v1.o)
 .debug_aranges
                0x00000000000007c0       0x38 /home/kevin_moncayo/stm32f103c8t6/libopencm3/lib/libopencm3_stm32f1.a(gpio.o)
 .debug_aranges
                0x00000000000007f8       0x50 /home/kevin_moncayo/stm32f103c8t6/libopencm3/lib/libopencm3_stm32f1.a(gpio_common_all.o)
 .debug_aranges
                0x0000000000000848      0x158 /home/kevin_moncayo/stm32f103c8t6/libopencm3/lib/libopencm3_stm32f1.a(rcc.o)
 .debug_aranges
                0x00000000000009a0       0x58 /home/kevin_moncayo/stm32f103c8t6/libopencm3/lib/libopencm3_stm32f1.a(rcc_common_all.o)
 .debug_aranges
                0x00000000000009f8       0xb8 /home/kevin_moncayo/stm32f103c8t6/libopencm3/lib/libopencm3_stm32f1.a(usart_common_all.o)
 .debug_aranges
                0x0000000000000ab0       0x40 /home/kevin_moncayo/stm32f103c8t6/libopencm3/lib/libopencm3_stm32f1.a(usart_common_f124.o)
 .debug_aranges
                0x0000000000000af0       0x88 /home/kevin_moncayo/stm32f103c8t6/libopencm3/lib/libopencm3_stm32f1.a(usb.o)
 .debug_aranges
                0x0000000000000b78       0x60 /home/kevin_moncayo/stm32f103c8t6/libopencm3/lib/libopencm3_stm32f1.a(usb_control.o)
 .debug_aranges
                0x0000000000000bd8       0x98 /home/kevin_moncayo/stm32f103c8t6/libopencm3/lib/libopencm3_stm32f1.a(usb_standard.o)
 .debug_aranges
                0x0000000000000c70       0x30 /home/kevin_moncayo/stm32f103c8t6/libopencm3/lib/libopencm3_stm32f1.a(st_usbfs_v1.o)
 .debug_aranges
                0x0000000000000ca0       0x30 /home/kevin_moncayo/stm32f103c8t6/libopencm3/lib/libopencm3_stm32f1.a(vector.o)
 .debug_aranges
                0x0000000000000cd0       0x38 /home/kevin_moncayo/stm32f103c8t6/libopencm3/lib/libopencm3_stm32f1.a(flash_common_all.o)
 .debug_aranges
                0x0000000000000d08       0x68 /home/kevin_moncayo/stm32f103c8t6/libopencm3/lib/libopencm3_stm32f1.a(st_usbfs_core.o)

.debug_ranges   0x0000000000000000     0x11b0
 .debug_ranges  0x0000000000000000       0x58 main.o
 .debug_ranges  0x0000000000000058       0x38 rtos/heap_4.o
 .debug_ranges  0x0000000000000090       0x30 rtos/list.o
 .debug_ranges  0x00000000000000c0       0x78 rtos/port.o
 .debug_ranges  0x0000000000000138      0x208 rtos/queue.o
 .debug_ranges  0x0000000000000340      0x2d8 rtos/tasks.o
 .debug_ranges  0x0000000000000618       0x20 rtos/opencm3.o
 .debug_ranges  0x0000000000000638       0xa0 /home/kevin_moncayo/stm32f103c8t6//rtos/libwwg/libwwg.a(usbcdc.o)
 .debug_ranges  0x00000000000006d8       0x90 /home/kevin_moncayo/stm32f103c8t6//rtos/libwwg/libwwg.a(miniprintf.o)
 .debug_ranges  0x0000000000000768       0x18 /home/kevin_moncayo/stm32f103c8t6//rtos/libwwg/libwwg.a(mcuio.o)
 .debug_ranges  0x0000000000000780       0x58 /home/kevin_moncayo/stm32f103c8t6//rtos/libwwg/libwwg.a(getline.o)
 .debug_ranges  0x00000000000007d8      0x148 /home/kevin_moncayo/stm32f103c8t6//rtos/libwwg/libwwg.a(uartlib.o)
 .debug_ranges  0x0000000000000920       0x88 /home/kevin_moncayo/stm32f103c8t6/libopencm3/lib/libopencm3_stm32f1.a(adc.o)
 .debug_ranges  0x00000000000009a8      0x148 /home/kevin_moncayo/stm32f103c8t6/libopencm3/lib/libopencm3_stm32f1.a(adc_common_v1.o)
 .debug_ranges  0x0000000000000af0       0x28 /home/kevin_moncayo/stm32f103c8t6/libopencm3/lib/libopencm3_stm32f1.a(gpio.o)
 .debug_ranges  0x0000000000000b18       0x40 /home/kevin_moncayo/stm32f103c8t6/libopencm3/lib/libopencm3_stm32f1.a(gpio_common_all.o)
 .debug_ranges  0x0000000000000b58      0x1b8 /home/kevin_moncayo/stm32f103c8t6/libopencm3/lib/libopencm3_stm32f1.a(rcc.o)
 .debug_ranges  0x0000000000000d10       0x48 /home/kevin_moncayo/stm32f103c8t6/libopencm3/lib/libopencm3_stm32f1.a(rcc_common_all.o)
 .debug_ranges  0x0000000000000d58       0xa8 /home/kevin_moncayo/stm32f103c8t6/libopencm3/lib/libopencm3_stm32f1.a(usart_common_all.o)
 .debug_ranges  0x0000000000000e00       0x30 /home/kevin_moncayo/stm32f103c8t6/libopencm3/lib/libopencm3_stm32f1.a(usart_common_f124.o)
 .debug_ranges  0x0000000000000e30       0x78 /home/kevin_moncayo/stm32f103c8t6/libopencm3/lib/libopencm3_stm32f1.a(usb.o)
 .debug_ranges  0x0000000000000ea8       0x90 /home/kevin_moncayo/stm32f103c8t6/libopencm3/lib/libopencm3_stm32f1.a(usb_control.o)
 .debug_ranges  0x0000000000000f38      0x108 /home/kevin_moncayo/stm32f103c8t6/libopencm3/lib/libopencm3_stm32f1.a(usb_standard.o)
 .debug_ranges  0x0000000000001040       0x20 /home/kevin_moncayo/stm32f103c8t6/libopencm3/lib/libopencm3_stm32f1.a(st_usbfs_v1.o)
 .debug_ranges  0x0000000000001060       0x20 /home/kevin_moncayo/stm32f103c8t6/libopencm3/lib/libopencm3_stm32f1.a(vector.o)
 .debug_ranges  0x0000000000001080       0x28 /home/kevin_moncayo/stm32f103c8t6/libopencm3/lib/libopencm3_stm32f1.a(flash_common_all.o)
 .debug_ranges  0x00000000000010a8      0x108 /home/kevin_moncayo/stm32f103c8t6/libopencm3/lib/libopencm3_stm32f1.a(st_usbfs_core.o)

.debug_line     0x0000000000000000     0xa669
 .debug_line    0x0000000000000000      0x483 main.o
 .debug_line    0x0000000000000483      0x446 rtos/heap_4.o
 .debug_line    0x00000000000008c9      0x2b3 rtos/list.o
 .debug_line    0x0000000000000b7c      0x2ec rtos/port.o
 .debug_line    0x0000000000000e68      0xbf4 rtos/queue.o
 .debug_line    0x0000000000001a5c     0x1836 rtos/tasks.o
 .debug_line    0x0000000000003292      0x130 rtos/opencm3.o
 .debug_line    0x00000000000033c2      0x6af /home/kevin_moncayo/stm32f103c8t6//rtos/libwwg/libwwg.a(usbcdc.o)
 .debug_line    0x0000000000003a71      0x599 /home/kevin_moncayo/stm32f103c8t6//rtos/libwwg/libwwg.a(miniprintf.o)
 .debug_line    0x000000000000400a      0x174 /home/kevin_moncayo/stm32f103c8t6//rtos/libwwg/libwwg.a(mcuio.o)
 .debug_line    0x000000000000417e      0x372 /home/kevin_moncayo/stm32f103c8t6//rtos/libwwg/libwwg.a(getline.o)
 .debug_line    0x00000000000044f0      0xa5e /home/kevin_moncayo/stm32f103c8t6//rtos/libwwg/libwwg.a(uartlib.o)
 .debug_line    0x0000000000004f4e      0x591 /home/kevin_moncayo/stm32f103c8t6/libopencm3/lib/libopencm3_stm32f1.a(adc.o)
 .debug_line    0x00000000000054df      0x879 /home/kevin_moncayo/stm32f103c8t6/libopencm3/lib/libopencm3_stm32f1.a(adc_common_v1.o)
 .debug_line    0x0000000000005d58      0x33e /home/kevin_moncayo/stm32f103c8t6/libopencm3/lib/libopencm3_stm32f1.a(gpio.o)
 .debug_line    0x0000000000006096      0x354 /home/kevin_moncayo/stm32f103c8t6/libopencm3/lib/libopencm3_stm32f1.a(gpio_common_all.o)
 .debug_line    0x00000000000063ea      0xc89 /home/kevin_moncayo/stm32f103c8t6/libopencm3/lib/libopencm3_stm32f1.a(rcc.o)
 .debug_line    0x0000000000007073      0x37e /home/kevin_moncayo/stm32f103c8t6/libopencm3/lib/libopencm3_stm32f1.a(rcc_common_all.o)
 .debug_line    0x00000000000073f1      0x557 /home/kevin_moncayo/stm32f103c8t6/libopencm3/lib/libopencm3_stm32f1.a(usart_common_all.o)
 .debug_line    0x0000000000007948      0x349 /home/kevin_moncayo/stm32f103c8t6/libopencm3/lib/libopencm3_stm32f1.a(usart_common_f124.o)
 .debug_line    0x0000000000007c91      0x492 /home/kevin_moncayo/stm32f103c8t6/libopencm3/lib/libopencm3_stm32f1.a(usb.o)
 .debug_line    0x0000000000008123      0x6ae /home/kevin_moncayo/stm32f103c8t6/libopencm3/lib/libopencm3_stm32f1.a(usb_control.o)
 .debug_line    0x00000000000087d1      0xbef /home/kevin_moncayo/stm32f103c8t6/libopencm3/lib/libopencm3_stm32f1.a(usb_standard.o)
 .debug_line    0x00000000000093c0      0x3ea /home/kevin_moncayo/stm32f103c8t6/libopencm3/lib/libopencm3_stm32f1.a(st_usbfs_v1.o)
 .debug_line    0x00000000000097aa      0x3df /home/kevin_moncayo/stm32f103c8t6/libopencm3/lib/libopencm3_stm32f1.a(vector.o)
 .debug_line    0x0000000000009b89      0x305 /home/kevin_moncayo/stm32f103c8t6/libopencm3/lib/libopencm3_stm32f1.a(flash_common_all.o)
 .debug_line    0x0000000000009e8e      0x7db /home/kevin_moncayo/stm32f103c8t6/libopencm3/lib/libopencm3_stm32f1.a(st_usbfs_core.o)

.debug_str      0x0000000000000000    0x1913e
 .debug_str     0x0000000000000000      0xa27 main.o
                                        0xb77 (size before relaxing)
 .debug_str     0x0000000000000a27      0x1eb rtos/heap_4.o
                                        0x767 (size before relaxing)
 .debug_str     0x0000000000000c12      0x12a rtos/list.o
                                        0x6c2 (size before relaxing)
 .debug_str     0x0000000000000d3c      0x183 rtos/port.o
                                        0x340 (size before relaxing)
 .debug_str     0x0000000000000ebf      0x4ca rtos/queue.o
                                        0xbe4 (size before relaxing)
 .debug_str     0x0000000000001389      0x853 rtos/tasks.o
                                       0x11c6 (size before relaxing)
 .debug_str     0x0000000000001bdc       0x40 rtos/opencm3.o
                                        0x24a (size before relaxing)
 .debug_str     0x0000000000001c1c      0x720 /home/kevin_moncayo/stm32f103c8t6//rtos/libwwg/libwwg.a(usbcdc.o)
                                       0x1052 (size before relaxing)
 .debug_str     0x000000000000233c      0x100 /home/kevin_moncayo/stm32f103c8t6//rtos/libwwg/libwwg.a(miniprintf.o)
                                        0x6d2 (size before relaxing)
 .debug_str     0x000000000000243c       0x39 /home/kevin_moncayo/stm32f103c8t6//rtos/libwwg/libwwg.a(mcuio.o)
                                        0x677 (size before relaxing)
 .debug_str     0x0000000000002475       0x25 /home/kevin_moncayo/stm32f103c8t6//rtos/libwwg/libwwg.a(getline.o)
                                        0x595 (size before relaxing)
 .debug_str     0x000000000000249a      0x326 /home/kevin_moncayo/stm32f103c8t6//rtos/libwwg/libwwg.a(uartlib.o)
                                        0xbe2 (size before relaxing)
 .debug_str     0x00000000000027c0     0x71e7 /home/kevin_moncayo/stm32f103c8t6/libopencm3/lib/libopencm3_stm32f1.a(adc.o)
                                       0x7447 (size before relaxing)
 .debug_str     0x00000000000099a7      0x42d /home/kevin_moncayo/stm32f103c8t6/libopencm3/lib/libopencm3_stm32f1.a(adc_common_v1.o)
                                       0x7798 (size before relaxing)
 .debug_str     0x0000000000009dd4     0x3822 /home/kevin_moncayo/stm32f103c8t6/libopencm3/lib/libopencm3_stm32f1.a(gpio.o)
                                       0x85b8 (size before relaxing)
 .debug_str     0x000000000000d5f6       0x63 /home/kevin_moncayo/stm32f103c8t6/libopencm3/lib/libopencm3_stm32f1.a(gpio_common_all.o)
                                       0x85ac (size before relaxing)
 .debug_str     0x000000000000d659     0x30a7 /home/kevin_moncayo/stm32f103c8t6/libopencm3/lib/libopencm3_stm32f1.a(rcc.o)
                                       0x7eab (size before relaxing)
 .debug_str     0x0000000000010700      0x30f /home/kevin_moncayo/stm32f103c8t6/libopencm3/lib/libopencm3_stm32f1.a(rcc_common_all.o)
                                       0x77c1 (size before relaxing)
 .debug_str     0x0000000000010a0f     0x10b2 /home/kevin_moncayo/stm32f103c8t6/libopencm3/lib/libopencm3_stm32f1.a(usart_common_all.o)
                                       0x8380 (size before relaxing)
 .debug_str     0x0000000000011ac1       0x2d /home/kevin_moncayo/stm32f103c8t6/libopencm3/lib/libopencm3_stm32f1.a(usart_common_f124.o)
                                       0x81ba (size before relaxing)
 .debug_str     0x0000000000011aee     0x367b /home/kevin_moncayo/stm32f103c8t6/libopencm3/lib/libopencm3_stm32f1.a(usb.o)
                                       0x802f (size before relaxing)
 .debug_str     0x0000000000015169      0x19b /home/kevin_moncayo/stm32f103c8t6/libopencm3/lib/libopencm3_stm32f1.a(usb_control.o)
                                       0x807c (size before relaxing)
 .debug_str     0x0000000000015304      0x2a4 /home/kevin_moncayo/stm32f103c8t6/libopencm3/lib/libopencm3_stm32f1.a(usb_standard.o)
                                       0x81af (size before relaxing)
 .debug_str     0x00000000000155a8     0x1594 /home/kevin_moncayo/stm32f103c8t6/libopencm3/lib/libopencm3_stm32f1.a(st_usbfs_v1.o)
                                       0x98e0 (size before relaxing)
 .debug_str     0x0000000000016b3c     0x2485 /home/kevin_moncayo/stm32f103c8t6/libopencm3/lib/libopencm3_stm32f1.a(vector.o)
                                       0x6681 (size before relaxing)
 .debug_str     0x0000000000018fc1       0x64 /home/kevin_moncayo/stm32f103c8t6/libopencm3/lib/libopencm3_stm32f1.a(flash_common_all.o)
                                       0x5584 (size before relaxing)
 .debug_str     0x0000000000019025      0x119 /home/kevin_moncayo/stm32f103c8t6/libopencm3/lib/libopencm3_stm32f1.a(st_usbfs_core.o)
                                       0x97fc (size before relaxing)

.comment        0x0000000000000000       0x79
 .comment       0x0000000000000000       0x79 main.o
                                         0x7a (size before relaxing)
 .comment       0x0000000000000079       0x7a rtos/heap_4.o
 .comment       0x0000000000000079       0x7a rtos/list.o
 .comment       0x0000000000000079       0x7a rtos/port.o
 .comment       0x0000000000000079       0x7a rtos/queue.o
 .comment       0x0000000000000079       0x7a rtos/tasks.o
 .comment       0x0000000000000079       0x7a rtos/opencm3.o
 .comment       0x0000000000000079       0x7a /home/kevin_moncayo/stm32f103c8t6//rtos/libwwg/libwwg.a(usbcdc.o)
 .comment       0x0000000000000079       0x7a /home/kevin_moncayo/stm32f103c8t6//rtos/libwwg/libwwg.a(miniprintf.o)
 .comment       0x0000000000000079       0x7a /home/kevin_moncayo/stm32f103c8t6//rtos/libwwg/libwwg.a(mcuio.o)
 .comment       0x0000000000000079       0x7a /home/kevin_moncayo/stm32f103c8t6//rtos/libwwg/libwwg.a(getline.o)
 .comment       0x0000000000000079       0x7a /home/kevin_moncayo/stm32f103c8t6//rtos/libwwg/libwwg.a(uartlib.o)
 .comment       0x0000000000000079       0x7a /home/kevin_moncayo/stm32f103c8t6/libopencm3/lib/libopencm3_stm32f1.a(adc.o)
 .comment       0x0000000000000079       0x7a /home/kevin_moncayo/stm32f103c8t6/libopencm3/lib/libopencm3_stm32f1.a(adc_common_v1.o)
 .comment       0x0000000000000079       0x7a /home/kevin_moncayo/stm32f103c8t6/libopencm3/lib/libopencm3_stm32f1.a(gpio.o)
 .comment       0x0000000000000079       0x7a /home/kevin_moncayo/stm32f103c8t6/libopencm3/lib/libopencm3_stm32f1.a(gpio_common_all.o)
 .comment       0x0000000000000079       0x7a /home/kevin_moncayo/stm32f103c8t6/libopencm3/lib/libopencm3_stm32f1.a(rcc.o)
 .comment       0x0000000000000079       0x7a /home/kevin_moncayo/stm32f103c8t6/libopencm3/lib/libopencm3_stm32f1.a(rcc_common_all.o)
 .comment       0x0000000000000079       0x7a /home/kevin_moncayo/stm32f103c8t6/libopencm3/lib/libopencm3_stm32f1.a(usart_common_all.o)
 .comment       0x0000000000000079       0x7a /home/kevin_moncayo/stm32f103c8t6/libopencm3/lib/libopencm3_stm32f1.a(usart_common_f124.o)
 .comment       0x0000000000000079       0x7a /home/kevin_moncayo/stm32f103c8t6/libopencm3/lib/libopencm3_stm32f1.a(usb.o)
 .comment       0x0000000000000079       0x7a /home/kevin_moncayo/stm32f103c8t6/libopencm3/lib/libopencm3_stm32f1.a(usb_control.o)
 .comment       0x0000000000000079       0x7a /home/kevin_moncayo/stm32f103c8t6/libopencm3/lib/libopencm3_stm32f1.a(usb_standard.o)
 .comment       0x0000000000000079       0x7a /home/kevin_moncayo/stm32f103c8t6/libopencm3/lib/libopencm3_stm32f1.a(st_usbfs_v1.o)
 .comment       0x0000000000000079       0x7a /home/kevin_moncayo/stm32f103c8t6/libopencm3/lib/libopencm3_stm32f1.a(vector.o)
 .comment       0x0000000000000079       0x7a /home/kevin_moncayo/stm32f103c8t6/libopencm3/lib/libopencm3_stm32f1.a(flash_common_all.o)
 .comment       0x0000000000000079       0x7a /home/kevin_moncayo/stm32f103c8t6/libopencm3/lib/libopencm3_stm32f1.a(st_usbfs_core.o)

.ARM.attributes
                0x0000000000000000       0x2b
 .ARM.attributes
                0x0000000000000000       0x2d main.o
 .ARM.attributes
                0x000000000000002d       0x2d rtos/heap_4.o
 .ARM.attributes
                0x000000000000005a       0x2d rtos/list.o
 .ARM.attributes
                0x0000000000000087       0x2d rtos/port.o
 .ARM.attributes
                0x00000000000000b4       0x2d rtos/queue.o
 .ARM.attributes
                0x00000000000000e1       0x2d rtos/tasks.o
 .ARM.attributes
                0x000000000000010e       0x2d rtos/opencm3.o
 .ARM.attributes
                0x000000000000013b       0x1b /opt/gcc-arm/bin/../lib/gcc/arm-none-eabi/9.2.1/../../../../arm-none-eabi/lib/thumb/v7-m/nofp/libc.a(lib_a-memcpy.o)
 .ARM.attributes
                0x0000000000000156       0x2d /home/kevin_moncayo/stm32f103c8t6//rtos/libwwg/libwwg.a(usbcdc.o)
 .ARM.attributes
                0x0000000000000183       0x2d /home/kevin_moncayo/stm32f103c8t6//rtos/libwwg/libwwg.a(miniprintf.o)
 .ARM.attributes
                0x00000000000001b0       0x2d /home/kevin_moncayo/stm32f103c8t6//rtos/libwwg/libwwg.a(mcuio.o)
 .ARM.attributes
                0x00000000000001dd       0x2d /home/kevin_moncayo/stm32f103c8t6//rtos/libwwg/libwwg.a(getline.o)
 .ARM.attributes
                0x000000000000020a       0x2d /home/kevin_moncayo/stm32f103c8t6//rtos/libwwg/libwwg.a(uartlib.o)
 .ARM.attributes
                0x0000000000000237       0x2d /home/kevin_moncayo/stm32f103c8t6/libopencm3/lib/libopencm3_stm32f1.a(adc.o)
 .ARM.attributes
                0x0000000000000264       0x2d /home/kevin_moncayo/stm32f103c8t6/libopencm3/lib/libopencm3_stm32f1.a(adc_common_v1.o)
 .ARM.attributes
                0x0000000000000291       0x2d /home/kevin_moncayo/stm32f103c8t6/libopencm3/lib/libopencm3_stm32f1.a(gpio.o)
 .ARM.attributes
                0x00000000000002be       0x2d /home/kevin_moncayo/stm32f103c8t6/libopencm3/lib/libopencm3_stm32f1.a(gpio_common_all.o)
 .ARM.attributes
                0x00000000000002eb       0x2d /home/kevin_moncayo/stm32f103c8t6/libopencm3/lib/libopencm3_stm32f1.a(rcc.o)
 .ARM.attributes
                0x0000000000000318       0x2d /home/kevin_moncayo/stm32f103c8t6/libopencm3/lib/libopencm3_stm32f1.a(rcc_common_all.o)
 .ARM.attributes
                0x0000000000000345       0x2d /home/kevin_moncayo/stm32f103c8t6/libopencm3/lib/libopencm3_stm32f1.a(usart_common_all.o)
 .ARM.attributes
                0x0000000000000372       0x2d /home/kevin_moncayo/stm32f103c8t6/libopencm3/lib/libopencm3_stm32f1.a(usart_common_f124.o)
 .ARM.attributes
                0x000000000000039f       0x2d /home/kevin_moncayo/stm32f103c8t6/libopencm3/lib/libopencm3_stm32f1.a(usb.o)
 .ARM.attributes
                0x00000000000003cc       0x2d /home/kevin_moncayo/stm32f103c8t6/libopencm3/lib/libopencm3_stm32f1.a(usb_control.o)
 .ARM.attributes
                0x00000000000003f9       0x2d /home/kevin_moncayo/stm32f103c8t6/libopencm3/lib/libopencm3_stm32f1.a(usb_standard.o)
 .ARM.attributes
                0x0000000000000426       0x2d /home/kevin_moncayo/stm32f103c8t6/libopencm3/lib/libopencm3_stm32f1.a(st_usbfs_v1.o)
 .ARM.attributes
                0x0000000000000453       0x2d /home/kevin_moncayo/stm32f103c8t6/libopencm3/lib/libopencm3_stm32f1.a(vector.o)
 .ARM.attributes
                0x0000000000000480       0x2d /home/kevin_moncayo/stm32f103c8t6/libopencm3/lib/libopencm3_stm32f1.a(flash_common_all.o)
 .ARM.attributes
                0x00000000000004ad       0x2d /home/kevin_moncayo/stm32f103c8t6/libopencm3/lib/libopencm3_stm32f1.a(st_usbfs_core.o)
 .ARM.attributes
                0x00000000000004da       0x2d /opt/gcc-arm/bin/../lib/gcc/arm-none-eabi/9.2.1/../../../../arm-none-eabi/lib/thumb/v7-m/nofp/libc.a(lib_a-memmove.o)
 .ARM.attributes
                0x0000000000000507       0x2d /opt/gcc-arm/bin/../lib/gcc/arm-none-eabi/9.2.1/../../../../arm-none-eabi/lib/thumb/v7-m/nofp/libc.a(lib_a-strlen-stub.o)

.debug_frame    0x0000000000000000     0x213c
 .debug_frame   0x0000000000000000       0x70 main.o
 .debug_frame   0x0000000000000070       0x98 rtos/heap_4.o
 .debug_frame   0x0000000000000108       0x6c rtos/list.o
 .debug_frame   0x0000000000000174       0xd0 rtos/port.o
 .debug_frame   0x0000000000000244      0x208 rtos/queue.o
 .debug_frame   0x000000000000044c      0x47c rtos/tasks.o
 .debug_frame   0x00000000000008c8       0x40 rtos/opencm3.o
 .debug_frame   0x0000000000000908      0x1b4 /home/kevin_moncayo/stm32f103c8t6//rtos/libwwg/libwwg.a(usbcdc.o)
 .debug_frame   0x0000000000000abc      0x110 /home/kevin_moncayo/stm32f103c8t6//rtos/libwwg/libwwg.a(miniprintf.o)
 .debug_frame   0x0000000000000bcc       0x6c /home/kevin_moncayo/stm32f103c8t6//rtos/libwwg/libwwg.a(mcuio.o)
 .debug_frame   0x0000000000000c38       0x3c /home/kevin_moncayo/stm32f103c8t6//rtos/libwwg/libwwg.a(getline.o)
 .debug_frame   0x0000000000000c74      0x3a0 /home/kevin_moncayo/stm32f103c8t6//rtos/libwwg/libwwg.a(uartlib.o)
 .debug_frame   0x0000000000001014      0x128 /home/kevin_moncayo/stm32f103c8t6/libopencm3/lib/libopencm3_stm32f1.a(adc.o)
 .debug_frame   0x000000000000113c      0x2b4 /home/kevin_moncayo/stm32f103c8t6/libopencm3/lib/libopencm3_stm32f1.a(adc_common_v1.o)
 .debug_frame   0x00000000000013f0       0x60 /home/kevin_moncayo/stm32f103c8t6/libopencm3/lib/libopencm3_stm32f1.a(gpio.o)
 .debug_frame   0x0000000000001450       0x80 /home/kevin_moncayo/stm32f103c8t6/libopencm3/lib/libopencm3_stm32f1.a(gpio_common_all.o)
 .debug_frame   0x00000000000014d0      0x2e0 /home/kevin_moncayo/stm32f103c8t6/libopencm3/lib/libopencm3_stm32f1.a(rcc.o)
 .debug_frame   0x00000000000017b0       0xd0 /home/kevin_moncayo/stm32f103c8t6/libopencm3/lib/libopencm3_stm32f1.a(rcc_common_all.o)
 .debug_frame   0x0000000000001880      0x170 /home/kevin_moncayo/stm32f103c8t6/libopencm3/lib/libopencm3_stm32f1.a(usart_common_all.o)
 .debug_frame   0x00000000000019f0       0x60 /home/kevin_moncayo/stm32f103c8t6/libopencm3/lib/libopencm3_stm32f1.a(usart_common_f124.o)
 .debug_frame   0x0000000000001a50      0x13c /home/kevin_moncayo/stm32f103c8t6/libopencm3/lib/libopencm3_stm32f1.a(usb.o)
 .debug_frame   0x0000000000001b8c      0x164 /home/kevin_moncayo/stm32f103c8t6/libopencm3/lib/libopencm3_stm32f1.a(usb_control.o)
 .debug_frame   0x0000000000001cf0      0x1e4 /home/kevin_moncayo/stm32f103c8t6/libopencm3/lib/libopencm3_stm32f1.a(usb_standard.o)
 .debug_frame   0x0000000000001ed4       0x54 /home/kevin_moncayo/stm32f103c8t6/libopencm3/lib/libopencm3_stm32f1.a(st_usbfs_v1.o)
 .debug_frame   0x0000000000001f28       0x4c /home/kevin_moncayo/stm32f103c8t6/libopencm3/lib/libopencm3_stm32f1.a(vector.o)
 .debug_frame   0x0000000000001f74       0x50 /home/kevin_moncayo/stm32f103c8t6/libopencm3/lib/libopencm3_stm32f1.a(flash_common_all.o)
 .debug_frame   0x0000000000001fc4      0x118 /home/kevin_moncayo/stm32f103c8t6/libopencm3/lib/libopencm3_stm32f1.a(st_usbfs_core.o)
 .debug_frame   0x00000000000020dc       0x40 /opt/gcc-arm/bin/../lib/gcc/arm-none-eabi/9.2.1/../../../../arm-none-eabi/lib/thumb/v7-m/nofp/libc.a(lib_a-memmove.o)
 .debug_frame   0x000000000000211c       0x20 /opt/gcc-arm/bin/../lib/gcc/arm-none-eabi/9.2.1/../../../../arm-none-eabi/lib/thumb/v7-m/nofp/libc.a(lib_a-strlen-stub.o)

.debug_macro    0x0000000000000000     0x5aa3
 .debug_macro   0x0000000000000000       0xb8 /home/kevin_moncayo/stm32f103c8t6/libopencm3/lib/libopencm3_stm32f1.a(adc.o)
 .debug_macro   0x00000000000000b8      0xa90 /home/kevin_moncayo/stm32f103c8t6/libopencm3/lib/libopencm3_stm32f1.a(adc.o)
 .debug_macro   0x0000000000000b48       0x1c /home/kevin_moncayo/stm32f103c8t6/libopencm3/lib/libopencm3_stm32f1.a(adc.o)
 .debug_macro   0x0000000000000b64       0x22 /home/kevin_moncayo/stm32f103c8t6/libopencm3/lib/libopencm3_stm32f1.a(adc.o)
 .debug_macro   0x0000000000000b86       0x56 /home/kevin_moncayo/stm32f103c8t6/libopencm3/lib/libopencm3_stm32f1.a(adc.o)
 .debug_macro   0x0000000000000bdc       0x51 /home/kevin_moncayo/stm32f103c8t6/libopencm3/lib/libopencm3_stm32f1.a(adc.o)
 .debug_macro   0x0000000000000c2d       0xef /home/kevin_moncayo/stm32f103c8t6/libopencm3/lib/libopencm3_stm32f1.a(adc.o)
 .debug_macro   0x0000000000000d1c       0x6a /home/kevin_moncayo/stm32f103c8t6/libopencm3/lib/libopencm3_stm32f1.a(adc.o)
 .debug_macro   0x0000000000000d86      0x1df /home/kevin_moncayo/stm32f103c8t6/libopencm3/lib/libopencm3_stm32f1.a(adc.o)
 .debug_macro   0x0000000000000f65       0x22 /home/kevin_moncayo/stm32f103c8t6/libopencm3/lib/libopencm3_stm32f1.a(adc.o)
 .debug_macro   0x0000000000000f87       0xe8 /home/kevin_moncayo/stm32f103c8t6/libopencm3/lib/libopencm3_stm32f1.a(adc.o)
 .debug_macro   0x000000000000106f       0x76 /home/kevin_moncayo/stm32f103c8t6/libopencm3/lib/libopencm3_stm32f1.a(adc.o)
 .debug_macro   0x00000000000010e5      0x1b4 /home/kevin_moncayo/stm32f103c8t6/libopencm3/lib/libopencm3_stm32f1.a(adc.o)
 .debug_macro   0x0000000000001299      0x449 /home/kevin_moncayo/stm32f103c8t6/libopencm3/lib/libopencm3_stm32f1.a(adc.o)
 .debug_macro   0x00000000000016e2      0x456 /home/kevin_moncayo/stm32f103c8t6/libopencm3/lib/libopencm3_stm32f1.a(adc.o)
 .debug_macro   0x0000000000001b38       0xb8 /home/kevin_moncayo/stm32f103c8t6/libopencm3/lib/libopencm3_stm32f1.a(adc_common_v1.o)
 .debug_macro   0x0000000000001bf0       0xb8 /home/kevin_moncayo/stm32f103c8t6/libopencm3/lib/libopencm3_stm32f1.a(gpio.o)
 .debug_macro   0x0000000000001ca8       0x76 /home/kevin_moncayo/stm32f103c8t6/libopencm3/lib/libopencm3_stm32f1.a(gpio.o)
 .debug_macro   0x0000000000001d1e      0xe04 /home/kevin_moncayo/stm32f103c8t6/libopencm3/lib/libopencm3_stm32f1.a(gpio.o)
 .debug_macro   0x0000000000002b22       0xb8 /home/kevin_moncayo/stm32f103c8t6/libopencm3/lib/libopencm3_stm32f1.a(gpio_common_all.o)
 .debug_macro   0x0000000000002bda       0xe7 /home/kevin_moncayo/stm32f103c8t6/libopencm3/lib/libopencm3_stm32f1.a(rcc.o)
 .debug_macro   0x0000000000002cc1       0x16 /home/kevin_moncayo/stm32f103c8t6/libopencm3/lib/libopencm3_stm32f1.a(rcc.o)
 .debug_macro   0x0000000000002cd7      0x82c /home/kevin_moncayo/stm32f103c8t6/libopencm3/lib/libopencm3_stm32f1.a(rcc.o)
 .debug_macro   0x0000000000003503       0xee /home/kevin_moncayo/stm32f103c8t6/libopencm3/lib/libopencm3_stm32f1.a(rcc.o)
 .debug_macro   0x00000000000035f1       0x82 /home/kevin_moncayo/stm32f103c8t6/libopencm3/lib/libopencm3_stm32f1.a(rcc.o)
 .debug_macro   0x0000000000003673       0xce /home/kevin_moncayo/stm32f103c8t6/libopencm3/lib/libopencm3_stm32f1.a(rcc_common_all.o)
 .debug_macro   0x0000000000003741       0xda /home/kevin_moncayo/stm32f103c8t6/libopencm3/lib/libopencm3_stm32f1.a(usart_common_all.o)
 .debug_macro   0x000000000000381b       0x94 /home/kevin_moncayo/stm32f103c8t6/libopencm3/lib/libopencm3_stm32f1.a(usart_common_all.o)
 .debug_macro   0x00000000000038af      0x29e /home/kevin_moncayo/stm32f103c8t6/libopencm3/lib/libopencm3_stm32f1.a(usart_common_all.o)
 .debug_macro   0x0000000000003b4d       0xda /home/kevin_moncayo/stm32f103c8t6/libopencm3/lib/libopencm3_stm32f1.a(usart_common_f124.o)
 .debug_macro   0x0000000000003c27      0x148 /home/kevin_moncayo/stm32f103c8t6/libopencm3/lib/libopencm3_stm32f1.a(usb.o)
 .debug_macro   0x0000000000003d6f       0x58 /home/kevin_moncayo/stm32f103c8t6/libopencm3/lib/libopencm3_stm32f1.a(usb.o)
 .debug_macro   0x0000000000003dc7       0x18 /home/kevin_moncayo/stm32f103c8t6/libopencm3/lib/libopencm3_stm32f1.a(usb.o)
 .debug_macro   0x0000000000003ddf       0x5c /home/kevin_moncayo/stm32f103c8t6/libopencm3/lib/libopencm3_stm32f1.a(usb.o)
 .debug_macro   0x0000000000003e3b       0x35 /home/kevin_moncayo/stm32f103c8t6/libopencm3/lib/libopencm3_stm32f1.a(usb.o)
 .debug_macro   0x0000000000003e70       0x34 /home/kevin_moncayo/stm32f103c8t6/libopencm3/lib/libopencm3_stm32f1.a(usb.o)
 .debug_macro   0x0000000000003ea4      0x16d /home/kevin_moncayo/stm32f103c8t6/libopencm3/lib/libopencm3_stm32f1.a(usb.o)
 .debug_macro   0x0000000000004011       0x57 /home/kevin_moncayo/stm32f103c8t6/libopencm3/lib/libopencm3_stm32f1.a(usb.o)
 .debug_macro   0x0000000000004068       0x58 /home/kevin_moncayo/stm32f103c8t6/libopencm3/lib/libopencm3_stm32f1.a(usb.o)
 .debug_macro   0x00000000000040c0       0x1f /home/kevin_moncayo/stm32f103c8t6/libopencm3/lib/libopencm3_stm32f1.a(usb.o)
 .debug_macro   0x00000000000040df       0x43 /home/kevin_moncayo/stm32f103c8t6/libopencm3/lib/libopencm3_stm32f1.a(usb.o)
 .debug_macro   0x0000000000004122       0x20 /home/kevin_moncayo/stm32f103c8t6/libopencm3/lib/libopencm3_stm32f1.a(usb.o)
 .debug_macro   0x0000000000004142      0x18e /home/kevin_moncayo/stm32f103c8t6/libopencm3/lib/libopencm3_stm32f1.a(usb.o)
 .debug_macro   0x00000000000042d0      0x35c /home/kevin_moncayo/stm32f103c8t6/libopencm3/lib/libopencm3_stm32f1.a(usb.o)
 .debug_macro   0x000000000000462c       0x10 /home/kevin_moncayo/stm32f103c8t6/libopencm3/lib/libopencm3_stm32f1.a(usb.o)
 .debug_macro   0x000000000000463c       0x35 /home/kevin_moncayo/stm32f103c8t6/libopencm3/lib/libopencm3_stm32f1.a(usb.o)
 .debug_macro   0x0000000000004671      0x19c /home/kevin_moncayo/stm32f103c8t6/libopencm3/lib/libopencm3_stm32f1.a(usb.o)
 .debug_macro   0x000000000000480d       0x10 /home/kevin_moncayo/stm32f103c8t6/libopencm3/lib/libopencm3_stm32f1.a(usb.o)
 .debug_macro   0x000000000000481d       0x1c /home/kevin_moncayo/stm32f103c8t6/libopencm3/lib/libopencm3_stm32f1.a(usb.o)
 .debug_macro   0x0000000000004839      0x156 /home/kevin_moncayo/stm32f103c8t6/libopencm3/lib/libopencm3_stm32f1.a(usb_control.o)
 .debug_macro   0x000000000000498f       0x16 /home/kevin_moncayo/stm32f103c8t6/libopencm3/lib/libopencm3_stm32f1.a(usb_control.o)
 .debug_macro   0x00000000000049a5      0x10e /home/kevin_moncayo/stm32f103c8t6/libopencm3/lib/libopencm3_stm32f1.a(usb_control.o)
 .debug_macro   0x0000000000004ab3       0x86 /home/kevin_moncayo/stm32f103c8t6/libopencm3/lib/libopencm3_stm32f1.a(usb_control.o)
 .debug_macro   0x0000000000004b39       0x22 /home/kevin_moncayo/stm32f103c8t6/libopencm3/lib/libopencm3_stm32f1.a(usb_control.o)
 .debug_macro   0x0000000000004b5b      0x148 /home/kevin_moncayo/stm32f103c8t6/libopencm3/lib/libopencm3_stm32f1.a(usb_standard.o)
 .debug_macro   0x0000000000004ca3      0x10d /home/kevin_moncayo/stm32f103c8t6/libopencm3/lib/libopencm3_stm32f1.a(st_usbfs_v1.o)
 .debug_macro   0x0000000000004db0       0x3a /home/kevin_moncayo/stm32f103c8t6/libopencm3/lib/libopencm3_stm32f1.a(st_usbfs_v1.o)
 .debug_macro   0x0000000000004dea      0x29e /home/kevin_moncayo/stm32f103c8t6/libopencm3/lib/libopencm3_stm32f1.a(st_usbfs_v1.o)
 .debug_macro   0x0000000000005088       0x28 /home/kevin_moncayo/stm32f103c8t6/libopencm3/lib/libopencm3_stm32f1.a(st_usbfs_v1.o)
 .debug_macro   0x00000000000050b0      0x1a2 /home/kevin_moncayo/stm32f103c8t6/libopencm3/lib/libopencm3_stm32f1.a(st_usbfs_v1.o)
 .debug_macro   0x0000000000005252       0x10 /home/kevin_moncayo/stm32f103c8t6/libopencm3/lib/libopencm3_stm32f1.a(st_usbfs_v1.o)
 .debug_macro   0x0000000000005262       0xcf /home/kevin_moncayo/stm32f103c8t6/libopencm3/lib/libopencm3_stm32f1.a(vector.o)
 .debug_macro   0x0000000000005331      0x395 /home/kevin_moncayo/stm32f103c8t6/libopencm3/lib/libopencm3_stm32f1.a(vector.o)
 .debug_macro   0x00000000000056c6       0x6e /home/kevin_moncayo/stm32f103c8t6/libopencm3/lib/libopencm3_stm32f1.a(vector.o)
 .debug_macro   0x0000000000005734      0x1a2 /home/kevin_moncayo/stm32f103c8t6/libopencm3/lib/libopencm3_stm32f1.a(vector.o)
 .debug_macro   0x00000000000058d6       0xc0 /home/kevin_moncayo/stm32f103c8t6/libopencm3/lib/libopencm3_stm32f1.a(flash_common_all.o)
 .debug_macro   0x0000000000005996      0x10d /home/kevin_moncayo/stm32f103c8t6/libopencm3/lib/libopencm3_stm32f1.a(st_usbfs_core.o)
